<html>
<body>
<pre>
<h1>µVision Build Log</h1>
<h2>Project:</h2>
D:\Github Clones\EmbeddedSystems.Playground\Lessons\UTAustinX\Labware\Lab6_BranchingFunctionsDelays\Lab6.uvproj
Project File Date:  11/24/2016

<h2>Output:</h2>
Build target 'Lab6'
compiling BranchingFunctionsDelays.c...
BranchingFunctionsDelays.c(79): warning:  #1295-D: Deprecated declaration delay - give arg types
  void delay();
BranchingFunctionsDelays.c(199): warning:  #1-D: last line of file ends without a newline
        }
BranchingFunctionsDelays.c: 2 warnings, 0 errors
linking...
Program Size: Code=4008 RO-data=5996 RW-data=56 ZI-data=1752  
".\Lab6.axf" - 0 Error(s), 2 Warning(s).
Load "D:\\Github Clones\\EmbeddedSystems.Playground\\Lessons\\UTAustinX\\Labware\\Lab6_BranchingFunctionsDelays\\Lab6.axf" 
Connecting: Mode=JTAG, Speed=1000000Hz
Erase Done.
Programming Done.
Verify OK.
</pre>
</body>
</html>
 warning:  #1-D: last line of file ends without a newline
        }
BranchingFunctionsDelays.c: 2 warnings, 3 errors
".\Lab6.axf" - 3 Error(s), 2 Warning(s).
Target not created
