<html>
<body>
<pre>
<h1>µVision Build Log</h1>
<h2>Project:</h2>
D:\Github Clones\EmbeddedSystems.Playground\01 - Independent Study\UTAustinX_610\TExaSware\C11_Nokia5110\Nokia5110.uvproj
Project File Date:  02/11/2014

<h2>Output:</h2>
Rebuild target 'Nokia5110'
assembling startup.s...
compiling Nokia5110.c...
compiling Nokia5110TestMain.c...
compiling PLL.c...
linking...
Program Size: Code=2412 RO-data=512 RW-data=1512 ZI-data=1120  
".\Nokia5110.axf" - 0 Error(s), 0 Warning(s).
Load "D:\\Github Clones\\EmbeddedSystems.Playground\\01 - Independent Study\\UTAustinX_610\\TExaSware\\C11_Nokia5110\\Nokia5110.axf" 
Connecting: Mode=JTAG, Speed=1000000Hz
Erase Done.
Programming Done.
Verify OK.
</pre>
</body>
</html>
b Clones\\EmbeddedSystems.Playground\\01 - Independent Study\\UTAustinX_610\\TExaSware\\C11_Nokia5110\\Nokia5110.axf" 
Connecting: Mode=JTAG, Speed=1000000Hz
Erase Done.
Programming Done.
Verify OK.
