<html>
<body>
<pre>
<h1>µVision Build Log</h1>
<h2>Project:</h2>
D:\Github Clones\EmbeddedSystems.Playground\01 - Independent Study\UTAustinX_610\TExaSware\C11_Network\Network.uvproj
Project File Date:  02/10/2017

<h2>Output:</h2>
Rebuild target 'Network'
assembling startup.s...
compiling PLL.c...
compiling SysTick.c...
compiling UART.c...
compiling Network.c...
linking...
Program Size: Code=1576 RO-data=48 RW-data=0 ZI-data=1120  
".\Network.axf" - 0 Error(s), 0 Warning(s).
Load "D:\\Github Clones\\EmbeddedSystems.Playground\\01 - Independent Study\\UTAustinX_610\\TExaSware\\C11_Network\\Network.axf" 
Connecting: Mode=JTAG, Speed=1000000Hz
Erase Done.
Programming Done.
Verify OK.
</pre>
</body>
</html>
