<html>
<body>
<pre>
<h1>µVision Build Log</h1>
<h2>Project:</h2>
D:\Github Clones\EmbeddedSystems.Playground\01 - Independent Study\UTAustinX\TExaSware\C10_Odd1sDetectorPortsFandB\C10-Odd1sDetect.uvproj
Project File Date:  02/10/2014

<h2>Output:</h2>
Rebuild target 'C10_Odd1sDetect'
assembling startup.s...
compiling main.c...
compiling SysTick.c...
linking...
Program Size: Code=1376 RO-data=44 RW-data=4 ZI-data=1124  
".\C10_Odd1sDetect.axf" - 0 Error(s), 0 Warning(s).
Load "D:\\Github Clones\\EmbeddedSystems.Playground\\01 - Independent Study\\UTAustinX\\TExaSware\\C10_Odd1sDetectorPortsFandB\\C10_Odd1sDetect.axf" 
Connecting: Mode=JTAG, Speed=1000000Hz
Erase Done.
Programming Done.
Verify OK.
</pre>
</body>
</html>
