<html>
<body>
<pre>
<h1>µVision Build Log</h1>
<h2>Project:</h2>
C:\Dropbox\apn176\apntex_176\MySetup\Labware\Lab15_SpaceInvaders\SpaceInvaders.uvproj
Project File Date:  12/29/2014

<h2>Output:</h2>
Build target 'SpaceInvaders'
assembling startup.s...
compiling Nokia5110.c...
assembling random.s...
compiling SpaceInvaders.c...
compiling TExaS.c...
linking...
Program Size: Code=4012 RO-data=5284 RW-data=64 ZI-data=1680  
".\SpaceInvaders.axf" - 0 Error(s), 0 Warning(s).
Clean started: Project: 'SpaceInvaders'
   deleting intermediate output files for target 'SpaceInvaders'
</pre>
</body>
</html>
