<html>
<body>
<pre>
<h1>µVision Build Log</h1>
<h2>Project:</h2>
D:\Github Clones\EmbeddedSystems.Playground\01 - Independent Study\UTAustinX_610\Labware\Lab5_FunctionsInC\Lab5.uvproj
Project File Date:  02/02/2017

<h2>Output:</h2>
Build target 'FunctionsInC'
linking...
Program Size: Code=4580 RO-data=840 RW-data=56 ZI-data=1656  
".\FunctionsInC.axf" - 0 Error(s), 0 Warning(s).
Load "D:\\Github Clones\\EmbeddedSystems.Playground\\01 - Independent Study\\UTAustinX_610\\Labware\\Lab5_FunctionsInC\\FunctionsInC.axf" 
Connecting: Mode=JTAG, Speed=1000000Hz
Erase Done.
Programming Done.
Verify OK.
</pre>
</body>
</html>
