<html>
<body>
<pre>
<h1>µVision Build Log</h1>
<h2>Project:</h2>
D:\Github Clones\EmbeddedSystems.Playground\Lessons\UTAustinX\TExaSware\C8_SwitchLED\C8.uvproj
Project File Date:  02/13/2014

<h2>Output:</h2>
Build target 'SwitchLight'
assembling startup.s...
compiling main.c...
linking...
Program Size: Code=1148 RO-data=32 RW-data=8 ZI-data=1120  
".\SwitchLight.axf" - 0 Error(s), 0 Warning(s).
Load "D:\\Github Clones\\EmbeddedSystems.Playground\\Lessons\\UTAustinX\\TExaSware\\C8_SwitchLED\\SwitchLight.axf" 
Connecting: Mode=JTAG, Speed=1000000Hz
Erase Done.
Programming Done.
Verify OK.
</pre>
</body>
</html>
