<html>
<body>
<pre>
<h1>µVision Build Log</h1>
<h2>Project:</h2>
D:\Github Clones\EmbeddedSystems.Playground\01 - Independent Study\UTAustinX_610\Labware\Lab8_SwitchLEDinterface\Lab8.uvproj
Project File Date:  02/08/2017

<h2>Output:</h2>
Rebuild target 'Lab8'
assembling startup.s...
compiling SwitchLEDInterface.c...
SwitchLEDInterface.c(110): warning:  #1-D: last line of file ends without a newline
  }
SwitchLEDInterface.c: 1 warning, 0 errors
linking...
Program Size: Code=4240 RO-data=6628 RW-data=56 ZI-data=1752  
".\Lab8.axf" - 0 Error(s), 1 Warning(s).
Load "D:\\Github Clones\\EmbeddedSystems.Playground\\01 - Independent Study\\UTAustinX_610\\Labware\\Lab8_SwitchLEDinterface\\Lab8.axf" 
Connecting: Mode=JTAG, Speed=1000000Hz
Erase Done.
Programming Done.
Verify OK.
</pre>
</body>
</html>
