<html>
<body>
<pre>
<h1>µVision Build Log</h1>
<h2>Project:</h2>
D:\Github Clones\EmbeddedSystems.Playground\01 - Independent Study\UTAustinX\TExaSware\C10_SysTick\SysTick.uvproj
Project File Date:  01/08/2017

<h2>Output:</h2>
Rebuild target 'SysTick'
assembling startup.s...
compiling SysTick.c...
SysTick.c(90): warning:  #1-D: last line of file ends without a newline
  }
SysTick.c: 1 warning, 0 errors
compiling SysTickTestMain.c...
compiling PLL.c...
linking...
Program Size: Code=1288 RO-data=16 RW-data=0 ZI-data=1120  
".\SysTick.axf" - 0 Error(s), 1 Warning(s).
Load "D:\\Github Clones\\EmbeddedSystems.Playground\\01 - Independent Study\\UTAustinX\\TExaSware\\C10_SysTick\\SysTick.axf" 
Connecting: Mode=JTAG, Speed=1000000Hz
Erase Done.
Programming Done.
Verify OK.
</pre>
</body>
</html>
