<html>
<body>
<pre>
<h1>µVision Build Log</h1>
<h2>Project:</h2>
D:\Dropbox\apn176\apntex_176\MySetup\TExaSware\C10_LineTracker\LineTracker.uvproj
Project File Date:  06/30/2014

<h2>Output:</h2>
Build target 'LineTracker'
assembling startup.s...
compiling LineTracker.c...
compiling PLL.c...
compiling SysTick.c...
linking...
Program Size: Code=1312 RO-data=104 RW-data=12 ZI-data=1124  
".\LineTracker.axf" - 0 Error(s), 0 Warning(s).
Clean started: Project: 'LineTracker'
   deleting intermediate output files for target 'LineTracker'
</pre>
</body>
</html>
