<html>
<body>
<pre>
<h1>µVision Build Log</h1>
<h2>Project:</h2>
D:\Dropbox\apn176\apntex_176\MySetup\TExaSware\C2_Toggle_PF1\C2_Toggle_PF1.uvproj
Project File Date:  01/05/2014

<h2>Output:</h2>
Build target 'C2_Toggle_PF1'
assembling startup.s...
compiling main.c...
linking...
Program Size: Code=1164 RO-data=32 RW-data=4 ZI-data=1124  
".\C2_Toggle_PF1.axf" - 0 Error(s), 0 Warning(s).
Clean started: Project: 'C2_Toggle_PF1'
   deleting intermediate output files for target 'C2_Toggle_PF1'
</pre>
</body>
</html>
