<html>
<body>
<pre>
<h1>µVision Build Log</h1>
<h2>Project:</h2>
C:\Dropbox\apn176\apntex_176\MySetup\Labware\Lab14_VirtualMeasurementOfDistance\Lab14.uvproj
Project File Date:  12/29/2014

<h2>Output:</h2>
Build target 'Lab14'
compiling VirtualNokia5110.c...
linking...
Program Size: Code=6016 RO-data=7088 RW-data=124 ZI-data=1756  
".\Lab14.axf" - 0 Error(s), 0 Warning(s).
Clean started: Project: 'Lab14'
   deleting intermediate output files for target 'Lab14'
</pre>
</body>
</html>
.
Program Size: Code=8024 RO-data=7568 RW-data=124 ZI-data=1764  
".\Lab14.axf" - 0 Error(s), 1 Warning(s).
Clean started: Project: 'Lab14'
   deleting intermediate output files for target 'Lab14'
