<html>
<body>
<pre>
<h1>µVision Build Log</h1>
<h2>Project:</h2>
D:\Dropbox\apn176\apntex_176\MySetup\TExaSware\C5_Keil_Starter\Intro.uvproj
Project File Date:  01/05/2014

<h2>Output:</h2>
Build target 'Intro'
linking...
Program Size: Code=1072 RO-data=32 RW-data=4 ZI-data=1028  
".\intro.axf" - 0 Error(s), 0 Warning(s).
Clean started: Project: 'Intro'
   deleting intermediate output files for target 'Intro'
</pre>
</body>
</html>
xaSware\\C5_Keil_Starter\\intro.axf" 
Connecting: Mode=JTAG, Speed=1000000Hz
Erase Done.
Programming Done.
Verify OK.
