<html>
<body>
<pre>
<h1>µVision Build Log</h1>
<h2>Project:</h2>
D:\Dropbox\EdX\TM4Cware\C12_PeriodicSysTickInts\PeriodicSysTickInts.uvproj
Project File Date:  03/12/2014

<h2>Output:</h2>
Build target 'PeriodicSysTickInts'
assembling startup.s...
compiling PeriodicSysTickInts.c...
linking...
Program Size: Code=1188 RO-data=32 RW-data=4 ZI-data=1124  
".\PeriodicSysTickInts.axf" - 0 Error(s), 0 Warning(s).
Clean started: Project: 'PeriodicSysTickInts'
   deleting intermediate output files for target 'PeriodicSysTickInts'
</pre>
</body>
</html>
