<html>
<body>
<pre>
<h1>µVision Build Log</h1>
<h2>Project:</h2>
Z:\Github\EmbeddedSystems.Playground\UTAustinX\Labware\Lab5_FunctionsInC\Lab5.uvproj
Project File Date:  02/10/2016

<h2>Output:</h2>
Build target 'FunctionsInC'
linking...
Program Size: Code=4576 RO-data=840 RW-data=56 ZI-data=1656  
".\FunctionsInC.axf" - 0 Error(s), 0 Warning(s).
Load "Z:\\Github\\EmbeddedSystems.Playground\\UTAustinX\\Labware\\Lab5_FunctionsInC\\FunctionsInC.axf" 
Connecting: Mode=JTAG, Speed=1000000Hz
Connection failed!, error code=&d
Error: Flash Download failed  -  Target DLL has been cancelled
</pre>
</body>
</html>
