<html>
<body>
<pre>
<h1>µVision Build Log</h1>
<h2>Project:</h2>
C:\Dropbox\EdX\TM4Cware\Lab7_HeartBlock\Lab7.uvproj
Project File Date:  12/18/2014

<h2>Output:</h2>
Load "C:\\Dropbox\\EdX\\TM4Cware\\Lab7_HeartBlock\\Lab7.axf" 
Connecting: Mode=JTAG, Speed=1000000Hz
Erase Done.
Programming Done.
Verify OK.
Build target 'Lab7'
compiling main.c...
linking...
Program Size: Code=4272 RO-data=6156 RW-data=80 ZI-data=1752  
".\Lab7.axf" - 0 Errors, 0 Warning(s).
Build target 'Lab7'
linking...
Program Size: Code=4272 RO-data=6156 RW-data=80 ZI-data=1752  
".\Lab7.axf" - 0 Errors, 0 Warning(s).
Load "C:\\Dropbox\\EdX\\TM4Cware\\Lab7_HeartBlock\\Lab7.axf" 
Connecting: Mode=JTAG, Speed=1000000Hz
Erase Done.
Programming Done.
Verify OK.
Build target 'Lab7'
compiling main.c...
linking...
Program Size: Code=4268 RO-data=6156 RW-data=80 ZI-data=1752  
".\Lab7.axf" - 0 Errors, 0 Warning(s).
Build target 'Lab7'
linking...
Program Size: Code=4268 RO-data=6156 RW-data=80 ZI-data=1752  
".\Lab7.axf" - 0 Errors, 0 Warning(s).
Load "C:\\Dropbox\\EdX\\TM4Cware\\Lab7_HeartBlock\\Lab7.axf" 
Connecting: Mode=JTAG, Speed=1000000Hz
Erase Done.
Programming Done.
Verify OK.
