<html>
<body>
<pre>
<h1>µVision Build Log</h1>
<h2>Project:</h2>
D:\Github Clones\EmbeddedSystems.Playground\Lessons\UTAustinX\Labware\Lab7_HeartBlock\Lab7.uvproj
Project File Date:  12/06/2016

<h2>Output:</h2>
Build target 'Lab7'
compiling main.c...
linking...
Program Size: Code=4252 RO-data=6156 RW-data=80 ZI-data=1752  
".\Lab7.axf" - 0 Error(s), 0 Warning(s).
Load "D:\\Github Clones\\EmbeddedSystems.Playground\\Lessons\\UTAustinX\\Labware\\Lab7_HeartBlock\\Lab7.axf" 
Connecting: Mode=JTAG, Speed=1000000Hz
Erase Done.
Programming Done.
Verify OK.
-  Target DLL has been cancelled
Load "D:\\Github Clones\\EmbeddedSystems.Playground\\Lessons\\UTAustinX\\Labware\\Lab7_HeartBlock\\Lab7.axf" 
Connecting: Mode=JTAG, Speed=1000000Hz
Erase Done.
Programming Done.
Verify OK.
Load "D:\\Github Clones\\EmbeddedSystems.Playground\\Lessons\\UTAustinX\\Labware\\Lab7_HeartBlock\\Lab7.axf" 
Connecting: Mode=JTAG, Speed=1000000Hz
Erase Done.
Programming Done.
Verify OK.
