<html>
<body>
<pre>
<h1>µVision Build Log</h1>
<h2>Project:</h2>
E:\Dropbox\EdX\TM4Cware\C12_SoftSound\SoftSound.uvproj
Project File Date:  11/03/2013

<h2>Output:</h2>
Build target 'SoftSound'
assembling startup.s...
compiling SoftSound.c...
compiling PLL.c...
linking...
Program Size: Code=1284 RO-data=16 RW-data=0 ZI-data=1120  
".\SoftSound.axf" - 0 Errors, 0 Warning(s).
Load "E:\\Dropbox\\EdX\\TM4Cware\\C12_SoftSound\\SoftSound.axf" 
Connecting: Mode=JTAG, Speed=1000000Hz
Erase Done.
Programming Done.
Verify OK.
Clean started: Project: 'SoftSound'
   deleting intermediate output files for target 'SoftSound'
