<html>
<body>
<pre>
<h1>µVision Build Log</h1>
<h2>Project:</h2>
D:\Github Clones\EmbeddedSystems.Playground\01 - Independent Study\UTAustinX_610\TExaSware\C12_PeriodicSysTickInts\PeriodicSysTickInts.uvproj
Project File Date:  02/16/2017

<h2>Output:</h2>
Build target 'PeriodicSysTickInts'
linking...
Program Size: Code=1204 RO-data=32 RW-data=4 ZI-data=1124  
".\PeriodicSysTickInts.axf" - 0 Error(s), 0 Warning(s).
24  
".\PeriodicSysTickInts.axf" - 0 Error(s), 0 Warning(s).
Load "D:\\Github Clones\\EmbeddedSystems.Playground\\01 - Independent Study\\UTAustinX_610\\TExaSware\\C12_PeriodicSysTickInts\\PeriodicSysTickInts.axf" 
Connecting: Mode=JTAG, Speed=1000000Hz
Erase Done.
Programming Done.
Verify OK.
