<html>
<body>
<pre>
<h1>µVision Build Log</h1>
<h2>Project:</h2>
D:\Github Clones\EmbeddedSystems.Playground\UTAustinX\Labware\Lab4_IO\Lab4.uvproj
Project File Date:  11/01/2016

<h2>Output:</h2>
Build target 'IO'
compiling main.c...
linking...
Program Size: Code=2756 RO-data=2432 RW-data=56 ZI-data=1752  
".\IO.axf" - 0 Error(s), 0 Warning(s).
Load "D:\\Github Clones\\EmbeddedSystems.Playground\\UTAustinX\\Labware\\Lab4_IO\\IO.axf" 
Connecting: Mode=JTAG, Speed=1000000Hz
Erase Done.
Programming Done.
Verify OK.
</pre>
</body>
</html>
