<html>
<body>
<pre>
<h1>µVision Build Log</h1>
<h2>Project:</h2>
C:\Dropbox\EdX\TM4Cware\Lab4_IO\Lab4.uvproj
Project File Date:  12/18/2014

<h2>Output:</h2>
Build target 'IO'
linking...
Program Size: Code=2776 RO-data=2432 RW-data=56 ZI-data=1752  
".\IO.axf" - 0 Errors, 0 Warning(s).
Load "C:\\Dropbox\\EdX\\TM4Cware\\Lab4_IO\\IO.axf" 
Connecting: Mode=JTAG, Speed=1000000Hz
Erase Done.
Programming Done.
Verify OK.
Build target 'IO'
compiling main.c...
linking...
Program Size: Code=2756 RO-data=2432 RW-data=56 ZI-data=1752  
".\IO.axf" - 0 Errors, 0 Warning(s).
Build target 'IO'
linking...
Program Size: Code=2756 RO-data=2432 RW-data=56 ZI-data=1752  
".\IO.axf" - 0 Errors, 0 Warning(s).
Build target 'IO'
linking...
Program Size: Code=2756 RO-data=2432 RW-data=56 ZI-data=1752  
".\IO.axf" - 0 Errors, 0 Warning(s).
Build target 'IO'
compiling main.c...
linking...
Program Size: Code=2776 RO-data=2432 RW-data=56 ZI-data=1752  
".\IO.axf" - 0 Errors, 0 Warning(s).
Build target 'IO'
linking...
Program Size: Code=2776 RO-data=2432 RW-data=56 ZI-data=1752  
".\IO.axf" - 0 Errors, 0 Warning(s).
Build target 'IO'
linking...
Program Size: Code=2776 RO-data=2432 RW-data=56 ZI-data=1752  
".\IO.axf" - 0 Errors, 0 Warning(s).
Load "C:\\Dropbox\\EdX\\TM4Cware\\Lab4_IO\\IO.axf" 
Connecting: Mode=JTAG, Speed=1000000Hz
Erase Done.
Programming Done.
Verify OK.
Build target 'IO'
compiling main.c...
linking...
Program Size: Code=2776 RO-data=2432 RW-data=56 ZI-data=1752  
".\IO.axf" - 0 Errors, 0 Warning(s).
Load "C:\\Dropbox\\EdX\\TM4Cware\\Lab4_IO\\IO.axf" 
Connecting: Mode=JTAG, Speed=1000000Hz
Erase Done.
Programming Done.
Verify OK.
