<html>
<body>
<pre>
<h1>µVision Build Log</h1>
<h2>Project:</h2>
D:\Github Clones\EmbeddedSystems.Playground\Lessons\UTAustinX\Labware\Lab8_SwitchLEDinterface\Lab8.uvproj
Project File Date:  12/16/2016

<h2>Output:</h2>
Build target 'Lab8'
compiling SwitchLEDInterface.c...
linking...
Program Size: Code=4120 RO-data=6628 RW-data=56 ZI-data=1752  
".\Lab8.axf" - 0 Error(s), 0 Warning(s).
Load "D:\\Github Clones\\EmbeddedSystems.Playground\\Lessons\\UTAustinX\\Labware\\Lab8_SwitchLEDinterface\\Lab8.axf" 
Connecting: Mode=JTAG, Speed=1000000Hz
Erase Done.
Programming Done.
Verify OK.
\\Lessons\\UTAustinX\\Labware\\Lab8_SwitchLEDinterface\\Lab8.axf" 
Connecting: Mode=JTAG, Speed=1000000Hz
Erase Done.
Programming Done.
Verify OK.
O_PORTA_CR_R                                 =               0x1F;                                                   // _ _ _ 1  1 1 1 1     (Change Commit registers)
SwitchLEDInterface.c(82): error:  #20: identifier "GPIO_PORTA_AMSEL_R" is undefined
                GPIO_PORTA_AMSEL_R                      =               0x00;                                                   // _ _ _ 0  0 0 0 0     (Not using analog mode select)
SwitchLEDInterface.c(83): error:  #20: identifier "GPIO_PORTA_PCTL_R" is undefined
                GPIO_PORTA_PCTL_R                               =               0x00000000;                             // _ _ _ 0  0 0 0 0 (Not using alternative functions)
SwitchLEDInterface.c(84): error:  #20: identifier "GPIO_PORTA_DIR_R" is undefined
                GPIO_PORTA_DIR_R                                =       0xFB;                                                   // _ _ _ 1  1 0 1 1 (PF0 and PF4 are input switches)
SwitchLEDInterface.c(85): error:  #20: identifier "GPIO_PORTA_AFSEL_R" is undefined
                GPIO_PORTA_AFSEL_R                      =               0x00;                                                   // _ _ _ 0  0 0 0 0 (Not using alternative functions)
SwitchLEDInterface.c(86): error:  #20: identifier "GPIO_PORTA_PUR_R" is undefined
                GPIO_PORTA_PUR_R                                =               0x04;                                                   // _ _ _ 0  0 1 0 0 (Enable pull-up resistors on P0 and P4 switches)
SwitchLEDInterface.c(87): error:  #20: identifier "GPIO_PORTA_DEN_R" is undefined
                GPIO_PORTA_DEN_R                                =               0x1C;                                           // _ _ _ 1  1 1 0 0     (Enable only PA4 PA3 PA2)
SwitchLEDInterface.c(122): error:  #20: identifier "GPIO_PORTF_LOCK_R" is undefined
                GPIO_PORTF_LOCK_R                               =               0x4C4F434B;                             // _ _ _ 1  1 1 1 1     (enable write access to GPIOCR register) 
SwitchLEDInterface.c(123): error:  #20: identifier "GPIO_PORTF_CR_R" is undefined
                GPIO_PORTF_CR_R                                 =               0x1F;                                                   // _ _ _ 1  1 1 1 1     (Change Commit registers)
SwitchLEDInterface.c(124): error:  #20: identifier "GPIO_PORTF_AMSEL_R" is undefined
                GPIO_PORTF_AMSEL_R                      =               0x00;                                                   // _ _ _ 0  0 0 0 0     (Not using analog mode select)
SwitchLEDInterface.c(125): error:  #20: identifier "GPIO_PORTF_PCTL_R" is undefined
                GPIO_PORTF_PCTL_R                               =               0x00000000;                             // _ _ _ 0  0 0 0 0 (Not using alternative functions)
SwitchLEDInterface.c(126): error:  #20: identifier "GPIO_PORTF_DIR_R" is undefined
                GPIO_PORTF_DIR_R                                =       0x0E;                                                   // _ _ _ 0  1 1 1 0 (PF0 and PF4 are input switches)
SwitchLEDInterface.c(127): error:  #20: identifier "GPIO_PORTF_AFSEL_R" is undefined
                GPIO_PORTF_AFSEL_R                      =               0x00;                                                   // _ _ _ 0  0 0 0 0 (Not using alternative functions)
SwitchLEDInterface.c(128): error:  #20: identifier "GPIO_PORTF_PUR_R" is undefined
                GPIO_PORTF_PUR_R                                =               0x11;                                                   // _ _ _ 1  0 0 0 1 (Enable pull-up resistors on P0 and P4 switches)
SwitchLEDInterface.c(129): error:  #20: identifier "GPIO_PORTF_DEN_R" is undefined
                GPIO_PORTF_DEN_R                                =               0x1F;                                           // _ _ _ 1  1 1 1 1     (Enable digital signal for all target pins)
SwitchLEDInterface.c: 1 warning, 16 errors
".\Lab8.axf" - 16 Error(s), 1 Warning(s).
Target not created
Load "D:\\Github Clones\\EmbeddedSystems.Playground\\Lessons\\UTAustinX\\Labware\\Lab8_SwitchLEDinterface\\Lab8.axf" 
_____^
*** error 56: cannot open file
Error: Flash Download failed  -  Could not load file 'D:\Github Clones\EmbeddedSystems.Playground\Lessons\UTAustinX\Labware\Lab8_SwitchLEDinterface\Lab8.axf'
Load "D:\\Github Clones\\EmbeddedSystems.Playground\\Lessons\\UTAustinX\\Labware\\Lab8_SwitchLEDinterface\\Lab8.axf" 
_____^
*** error 56: cannot open file
Error: Flash Download failed  -  Could not load file 'D:\Github Clones\EmbeddedSystems.Playground\Lessons\UTAustinX\Labware\Lab8_SwitchLEDinterface\Lab8.axf'
