ARM Linker, 5.03 [Build 76] [MDK-ARM Lite]

==============================================================================

Section Cross References

    startup.o(STACK) refers (Special) to heapauxi.o(.text) for __use_two_region_memory
    startup.o(HEAP) refers (Special) to heapauxi.o(.text) for __use_two_region_memory
    startup.o(RESET) refers (Special) to heapauxi.o(.text) for __use_two_region_memory
    startup.o(RESET) refers to startup.o(STACK) for StackMem
    startup.o(RESET) refers to tuningfork.o(i.SysTick_Handler) for SysTick_Handler
    startup.o(RESET) refers to texas.o(i.GPIOPortA_Handler) for GPIOPortA_Handler
    startup.o(RESET) refers to texas.o(i.GPIOPortB_Handler) for GPIOPortB_Handler
    startup.o(RESET) refers to texas.o(i.GPIOPortE_Handler) for GPIOPortE_Handler
    startup.o(RESET) refers to texas.o(i.Timer4A_Handler) for Timer4A_Handler
    startup.o(RESET) refers to texas.o(i.Timer5A_Handler) for Timer5A_Handler
    startup.o(RESET) refers to __main.o(!!!main) for __main
    startup.o(.text) refers (Special) to heapauxi.o(.text) for __use_two_region_memory
    startup.o(.text) refers to startup.o(HEAP) for HeapMem
    startup.o(.text) refers to startup.o(STACK) for StackMem
    tuningfork.o(i.SysTick_Handler) refers to tuningfork.o(.data) for output
    tuningfork.o(i.main) refers to texas.o(i.TExaS_Init) for TExaS_Init
    tuningfork.o(i.main) refers to tuningfork.o(i.initPortA_out) for initPortA_out
    tuningfork.o(i.main) refers to tuningfork.o(i.initPortA_in) for initPortA_in
    tuningfork.o(i.main) refers to tuningfork.o(i.initSysTick) for initSysTick
    tuningfork.o(i.main) refers to texas.o(i.PLL_Init) for PLL_Init
    tuningfork.o(i.main) refers to startup.o(.text) for EnableInterrupts
    tuningfork.o(i.main) refers to tuningfork.o(i.delay) for delay
    tuningfork.o(i.main) refers to tuningfork.o(.data) for cState
    tuningfork.o(i.main) refers to tuningfork.o(.constdata) for toggle
    texas.o(i.Decrypt) refers to texas.o(.bss) for EncriptedMagicCode
    texas.o(i.Decrypt) refers to texas.o(.constdata) for DeScramble
    texas.o(i.Encrypt) refers to texas.o(i.SetCode) for SetCode
    texas.o(i.Encrypt) refers to texas.o(.bss) for MagicCode
    texas.o(i.Encrypt) refers to texas.o(.constdata) for Key
    texas.o(i.GPIOPortA_Handler) refers to texas.o(i.SpecialBGTest1_Periodic) for SpecialBGTest1_Periodic
    texas.o(i.GPIOPortB_Handler) refers to texas.o(i.SpecialBGTest1_Periodic) for SpecialBGTest1_Periodic
    texas.o(i.GPIOPortE_Handler) refers to texas.o(i.SpecialBGTest1_Periodic) for SpecialBGTest1_Periodic
    texas.o(i.SetCode) refers to texas.o(.bss) for TExaS
    texas.o(i.SetCourse) refers to texas.o(.bss) for TExaS
    texas.o(i.SetGrade) refers to texas.o(i.Encrypt) for Encrypt
    texas.o(i.SetGrade) refers to texas.o(.bss) for MagicCode
    texas.o(i.SetMode) refers to texas.o(.bss) for TExaS
    texas.o(i.SpecialBGTest1_End) refers to dflt_clz.o(x$fpl$dfltu) for __aeabi_ui2d
    texas.o(i.SpecialBGTest1_End) refers to dleqf.o(x$fpl$dleqf) for __aeabi_cdcmple
    texas.o(i.SpecialBGTest1_End) refers to drleqf.o(x$fpl$drleqf) for __aeabi_cdrcmple
    texas.o(i.SpecialBGTest1_End) refers to texas.o(.data) for OutPort
    texas.o(i.SpecialBGTest1_End) refers to texas.o(.bss) for TExaS
    texas.o(i.SpecialBGTest1_Periodic) refers to texas.o(.data) for EdgeNumber
    texas.o(i.SpecialBGTest1_Start) refers to startup.o(.text) for DisableInterrupts
    texas.o(i.SpecialBGTest1_Start) refers to texas.o(.data) for EdgeNumber
    texas.o(i.TExaS_Init) refers to texas.o(i.PLL_Init) for PLL_Init
    texas.o(i.TExaS_Init) refers to texas.o(i.SetCourse) for SetCourse
    texas.o(i.TExaS_Init) refers to texas.o(i.SetCode) for SetCode
    texas.o(i.TExaS_Init) refers to texas.o(i.UART_Init) for UART_Init
    texas.o(i.TExaS_Init) refers to texas.o(i.ADC1_Init) for ADC1_Init
    texas.o(i.TExaS_Init) refers to texas.o(.constdata) for IntroMsg
    texas.o(i.TExaS_Init) refers to texas.o(.bss) for TExaS
    texas.o(i.TExaS_Init) refers to texas.o(.data) for LastMode
    texas.o(i.Timer5A_Handler) refers to texas.o(i.ADC1_In) for ADC1_In
    texas.o(i.Timer5A_Handler) refers to texas.o(i.SetGrade) for SetGrade
    texas.o(i.Timer5A_Handler) refers to texas.o(i.SpecialBGTest1_Start) for SpecialBGTest1_Start
    texas.o(i.Timer5A_Handler) refers to texas.o(i.SpecialBGTest1_End) for SpecialBGTest1_End
    texas.o(i.Timer5A_Handler) refers to texas.o(.data) for TExaS_Meter
    texas.o(i.Timer5A_Handler) refers to texas.o(.bss) for TExaS
    texas.o(i.Timer5A_Handler) refers to texas.o(.constdata) for BlankMsg
    __main.o(!!!main) refers to rtentry.o(.ARM.Collect$$rtentry$$00000000) for __rt_entry
    dflt_clz.o(x$fpl$dfltu) refers (Special) to usenofp.o(x$fpl$usenofp) for __I$use$fp
    dflt_clz.o(x$fpl$dflt) refers (Special) to usenofp.o(x$fpl$usenofp) for __I$use$fp
    dflt_clz.o(x$fpl$dfltn) refers (Special) to usenofp.o(x$fpl$usenofp) for __I$use$fp
    dleqf.o(x$fpl$dleqf) refers (Special) to usenofp.o(x$fpl$usenofp) for __I$use$fp
    dleqf.o(x$fpl$dleqf) refers to dnaninf.o(x$fpl$dnaninf) for __fpl_dnaninf
    dleqf.o(x$fpl$dleqf) refers to dcmpi.o(x$fpl$dcmpinf) for __fpl_dcmp_Inf
    drleqf.o(x$fpl$drleqf) refers (Special) to usenofp.o(x$fpl$usenofp) for __I$use$fp
    drleqf.o(x$fpl$drleqf) refers to dleqf.o(x$fpl$dleqf) for __fpl_dcmple_InfNaN
    rtentry.o(.ARM.Collect$$rtentry$$00000000) refers (Special) to rtentry2.o(.ARM.Collect$$rtentry$$0000000A) for __rt_entry_li
    rtentry.o(.ARM.Collect$$rtentry$$00000000) refers (Special) to rtentry2.o(.ARM.Collect$$rtentry$$0000000D) for __rt_entry_main
    rtentry.o(.ARM.Collect$$rtentry$$00000000) refers (Special) to rtentry2.o(.ARM.Collect$$rtentry$$0000000C) for __rt_entry_postli_1
    rtentry.o(.ARM.Collect$$rtentry$$00000000) refers (Special) to rtentry2.o(.ARM.Collect$$rtentry$$00000009) for __rt_entry_postsh_1
    rtentry.o(.ARM.Collect$$rtentry$$00000000) refers (Special) to rtentry2.o(.ARM.Collect$$rtentry$$00000002) for __rt_entry_presh_1
    rtentry.o(.ARM.Collect$$rtentry$$00000000) refers (Special) to rtentry4.o(.ARM.Collect$$rtentry$$00000004) for __rt_entry_sh
    dcmpi.o(x$fpl$dcmpinf) refers (Special) to usenofp.o(x$fpl$usenofp) for __I$use$fp
    dnaninf.o(x$fpl$dnaninf) refers (Special) to usenofp.o(x$fpl$usenofp) for __I$use$fp
    rtentry2.o(.ARM.Collect$$rtentry$$00000008) refers to boardinit2.o(.text) for _platform_post_stackheap_init
    rtentry2.o(.ARM.Collect$$rtentry$$0000000A) refers to libinit.o(.ARM.Collect$$libinit$$00000000) for __rt_lib_init
    rtentry2.o(.ARM.Collect$$rtentry$$0000000B) refers to boardinit3.o(.text) for _platform_post_lib_init
    rtentry2.o(.ARM.Collect$$rtentry$$0000000D) refers to tuningfork.o(i.main) for main
    rtentry2.o(.ARM.Collect$$rtentry$$0000000D) refers to exit.o(.text) for exit
    rtentry2.o(.ARM.exidx) refers to rtentry2.o(.ARM.Collect$$rtentry$$00000001) for .ARM.Collect$$rtentry$$00000001
    rtentry2.o(.ARM.exidx) refers to rtentry2.o(.ARM.Collect$$rtentry$$00000008) for .ARM.Collect$$rtentry$$00000008
    rtentry2.o(.ARM.exidx) refers to rtentry2.o(.ARM.Collect$$rtentry$$0000000A) for .ARM.Collect$$rtentry$$0000000A
    rtentry2.o(.ARM.exidx) refers to rtentry2.o(.ARM.Collect$$rtentry$$0000000B) for .ARM.Collect$$rtentry$$0000000B
    rtentry2.o(.ARM.exidx) refers to rtentry2.o(.ARM.Collect$$rtentry$$0000000D) for .ARM.Collect$$rtentry$$0000000D
    rtentry4.o(.ARM.Collect$$rtentry$$00000004) refers to sys_stackheap_outer.o(.text) for __user_setup_stackheap
    rtentry4.o(.ARM.exidx) refers to rtentry4.o(.ARM.Collect$$rtentry$$00000004) for .ARM.Collect$$rtentry$$00000004
    sys_stackheap_outer.o(.text) refers to libspace.o(.text) for __user_perproc_libspace
    sys_stackheap_outer.o(.text) refers to startup.o(.text) for __user_initial_stackheap
    exit.o(.text) refers to rtexit.o(.ARM.Collect$$rtexit$$00000000) for __rt_exit
    libinit.o(.ARM.Collect$$libinit$$00000000) refers (Special) to libinit2.o(.ARM.Collect$$libinit$$0000002C) for __rt_lib_init_alloca_1
    libinit.o(.ARM.Collect$$libinit$$00000000) refers (Special) to libinit2.o(.ARM.Collect$$libinit$$0000002A) for __rt_lib_init_argv_1
    libinit.o(.ARM.Collect$$libinit$$00000000) refers (Special) to libinit2.o(.ARM.Collect$$libinit$$00000019) for __rt_lib_init_atexit_1
    libinit.o(.ARM.Collect$$libinit$$00000000) refers (Special) to libinit2.o(.ARM.Collect$$libinit$$0000001F) for __rt_lib_init_clock_1
    libinit.o(.ARM.Collect$$libinit$$00000000) refers (Special) to libinit2.o(.ARM.Collect$$libinit$$00000030) for __rt_lib_init_cpp_1
    libinit.o(.ARM.Collect$$libinit$$00000000) refers (Special) to libinit2.o(.ARM.Collect$$libinit$$0000002E) for __rt_lib_init_exceptions_1
    libinit.o(.ARM.Collect$$libinit$$00000000) refers (Special) to libinit2.o(.ARM.Collect$$libinit$$00000002) for __rt_lib_init_fp_1
    libinit.o(.ARM.Collect$$libinit$$00000000) refers (Special) to libinit2.o(.ARM.Collect$$libinit$$0000001D) for __rt_lib_init_fp_trap_1
    libinit.o(.ARM.Collect$$libinit$$00000000) refers (Special) to libinit2.o(.ARM.Collect$$libinit$$00000021) for __rt_lib_init_getenv_1
    libinit.o(.ARM.Collect$$libinit$$00000000) refers (Special) to libinit2.o(.ARM.Collect$$libinit$$00000008) for __rt_lib_init_heap_1
    libinit.o(.ARM.Collect$$libinit$$00000000) refers (Special) to libinit2.o(.ARM.Collect$$libinit$$0000000F) for __rt_lib_init_lc_collate_1
    libinit.o(.ARM.Collect$$libinit$$00000000) refers (Special) to libinit2.o(.ARM.Collect$$libinit$$00000011) for __rt_lib_init_lc_ctype_1
    libinit.o(.ARM.Collect$$libinit$$00000000) refers (Special) to libinit2.o(.ARM.Collect$$libinit$$00000013) for __rt_lib_init_lc_monetary_1
    libinit.o(.ARM.Collect$$libinit$$00000000) refers (Special) to libinit2.o(.ARM.Collect$$libinit$$00000015) for __rt_lib_init_lc_numeric_1
    libinit.o(.ARM.Collect$$libinit$$00000000) refers (Special) to libinit2.o(.ARM.Collect$$libinit$$00000017) for __rt_lib_init_lc_time_1
    libinit.o(.ARM.Collect$$libinit$$00000000) refers (Special) to libinit2.o(.ARM.Collect$$libinit$$0000000C) for __rt_lib_init_rand_1
    libinit.o(.ARM.Collect$$libinit$$00000000) refers (Special) to libinit2.o(.ARM.Collect$$libinit$$00000031) for __rt_lib_init_return
    libinit.o(.ARM.Collect$$libinit$$00000000) refers (Special) to libinit2.o(.ARM.Collect$$libinit$$0000001B) for __rt_lib_init_signal_1
    libinit.o(.ARM.Collect$$libinit$$00000000) refers (Special) to libinit2.o(.ARM.Collect$$libinit$$00000023) for __rt_lib_init_stdio_1
    libinit.o(.ARM.Collect$$libinit$$00000000) refers (Special) to libinit2.o(.ARM.Collect$$libinit$$0000000A) for __rt_lib_init_user_alloc_1
    libspace.o(.text) refers to libspace.o(.bss) for __libspace_start
    rtexit.o(.ARM.Collect$$rtexit$$00000000) refers (Special) to rtexit2.o(.ARM.Collect$$rtexit$$00000004) for __rt_exit_exit
    rtexit.o(.ARM.Collect$$rtexit$$00000000) refers (Special) to rtexit2.o(.ARM.Collect$$rtexit$$00000003) for __rt_exit_ls
    rtexit.o(.ARM.Collect$$rtexit$$00000000) refers (Special) to rtexit2.o(.ARM.Collect$$rtexit$$00000002) for __rt_exit_prels_1
    rtexit.o(.ARM.exidx) refers (Special) to rtexit2.o(.ARM.Collect$$rtexit$$00000004) for __rt_exit_exit
    rtexit.o(.ARM.exidx) refers (Special) to rtexit2.o(.ARM.Collect$$rtexit$$00000003) for __rt_exit_ls
    rtexit.o(.ARM.exidx) refers (Special) to rtexit2.o(.ARM.Collect$$rtexit$$00000002) for __rt_exit_prels_1
    rtexit.o(.ARM.exidx) refers to rtexit.o(.ARM.Collect$$rtexit$$00000000) for .ARM.Collect$$rtexit$$00000000
    libinit2.o(.ARM.Collect$$libinit$$0000000E) refers to libinit2.o(.ARM.Collect$$libinit$$0000000D) for .ARM.Collect$$libinit$$0000000D
    libinit2.o(.ARM.Collect$$libinit$$00000010) refers to libinit2.o(.ARM.Collect$$libinit$$0000000D) for .ARM.Collect$$libinit$$0000000D
    libinit2.o(.ARM.Collect$$libinit$$00000012) refers to libinit2.o(.ARM.Collect$$libinit$$0000000D) for .ARM.Collect$$libinit$$0000000D
    libinit2.o(.ARM.Collect$$libinit$$00000014) refers to libinit2.o(.ARM.Collect$$libinit$$0000000D) for .ARM.Collect$$libinit$$0000000D
    libinit2.o(.ARM.Collect$$libinit$$00000016) refers to libinit2.o(.ARM.Collect$$libinit$$0000000D) for .ARM.Collect$$libinit$$0000000D
    libinit2.o(.ARM.Collect$$libinit$$00000024) refers to argv_veneer.o(.emb_text) for __ARM_argv_veneer
    libinit2.o(.ARM.Collect$$libinit$$00000025) refers to argv_veneer.o(.emb_text) for __ARM_argv_veneer
    rtexit2.o(.ARM.Collect$$rtexit$$00000003) refers to libshutdown.o(.ARM.Collect$$libshutdown$$00000000) for __rt_lib_shutdown
    rtexit2.o(.ARM.Collect$$rtexit$$00000004) refers to sys_exit.o(.text) for _sys_exit
    rtexit2.o(.ARM.exidx) refers to rtexit2.o(.ARM.Collect$$rtexit$$00000001) for .ARM.Collect$$rtexit$$00000001
    rtexit2.o(.ARM.exidx) refers to rtexit2.o(.ARM.Collect$$rtexit$$00000003) for .ARM.Collect$$rtexit$$00000003
    rtexit2.o(.ARM.exidx) refers to rtexit2.o(.ARM.Collect$$rtexit$$00000004) for .ARM.Collect$$rtexit$$00000004
    argv_veneer.o(.emb_text) refers to no_argv.o(.text) for __ARM_get_argv
    sys_exit.o(.text) refers (Special) to use_no_semi.o(.text) for __I$use$semihosting
    sys_exit.o(.text) refers (Special) to indicate_semi.o(.text) for __semihosting_library_function
    _get_argv_nomalloc.o(.text) refers (Special) to hrguard.o(.text) for __heap_region$guard
    _get_argv_nomalloc.o(.text) refers to defsig_rtmem_outer.o(.text) for __rt_SIGRTMEM
    _get_argv_nomalloc.o(.text) refers to sys_command.o(.text) for _sys_command_string
    libshutdown.o(.ARM.Collect$$libshutdown$$00000000) refers (Special) to libshutdown2.o(.ARM.Collect$$libshutdown$$00000006) for __rt_lib_shutdown_fp_trap_1
    libshutdown.o(.ARM.Collect$$libshutdown$$00000000) refers (Special) to libshutdown2.o(.ARM.Collect$$libshutdown$$0000000E) for __rt_lib_shutdown_heap_1
    libshutdown.o(.ARM.Collect$$libshutdown$$00000000) refers (Special) to libshutdown2.o(.ARM.Collect$$libshutdown$$0000000F) for __rt_lib_shutdown_return
    libshutdown.o(.ARM.Collect$$libshutdown$$00000000) refers (Special) to libshutdown2.o(.ARM.Collect$$libshutdown$$00000009) for __rt_lib_shutdown_signal_1
    libshutdown.o(.ARM.Collect$$libshutdown$$00000000) refers (Special) to libshutdown2.o(.ARM.Collect$$libshutdown$$00000003) for __rt_lib_shutdown_stdio_1
    libshutdown.o(.ARM.Collect$$libshutdown$$00000000) refers (Special) to libshutdown2.o(.ARM.Collect$$libshutdown$$0000000B) for __rt_lib_shutdown_user_alloc_1
    sys_command.o(.text) refers (Special) to use_no_semi.o(.text) for __I$use$semihosting
    sys_command.o(.text) refers (Special) to indicate_semi.o(.text) for __semihosting_library_function
    defsig_rtmem_outer.o(.text) refers to defsig_rtmem_inner.o(.text) for __rt_SIGRTMEM_inner
    defsig_rtmem_outer.o(.text) refers to defsig_exit.o(.text) for __sig_exit
    defsig_rtmem_formal.o(.text) refers to rt_raise.o(.text) for __rt_raise
    rt_raise.o(.text) refers to __raise.o(.text) for __raise
    rt_raise.o(.text) refers to sys_exit.o(.text) for _sys_exit
    defsig_exit.o(.text) refers to sys_exit.o(.text) for _sys_exit
    defsig_rtmem_inner.o(.text) refers to defsig_general.o(.text) for __default_signal_display
    __raise.o(.text) refers to defsig.o(CL$$defsig) for __default_signal_handler
    defsig_general.o(.text) refers to sys_wrch.o(.text) for _ttywrch
    sys_wrch.o(.text) refers (Special) to use_no_semi.o(.text) for __I$use$semihosting
    sys_wrch.o(.text) refers (Special) to indicate_semi.o(.text) for __semihosting_library_function
    defsig.o(CL$$defsig) refers to defsig_rtmem_inner.o(.text) for __rt_SIGRTMEM_inner
    defsig_abrt_inner.o(.text) refers to defsig_general.o(.text) for __default_signal_display
    defsig_fpe_inner.o(.text) refers to defsig_general.o(.text) for __default_signal_display
    defsig_rtred_inner.o(.text) refers to defsig_general.o(.text) for __default_signal_display
    defsig_stak_inner.o(.text) refers to defsig_general.o(.text) for __default_signal_display
    defsig_pvfn_inner.o(.text) refers to defsig_general.o(.text) for __default_signal_display
    defsig_cppl_inner.o(.text) refers to defsig_general.o(.text) for __default_signal_display
    defsig_segv_inner.o(.text) refers to defsig_general.o(.text) for __default_signal_display
    defsig_other.o(.text) refers to defsig_general.o(.text) for __default_signal_display


==============================================================================

Removing Unused input sections from the image.

    Removing texas.o(i.Decrypt), (92 bytes).
    Removing texas.o(i.PortD2_Init), (108 bytes).
    Removing texas.o(i.SetMode), (24 bytes).
    Removing texas.o(i.StartTimer4), (24 bytes).
    Removing texas.o(i.StopTimer4), (24 bytes).
    Removing texas.o(i.TExaS_Stop), (28 bytes).
    Removing texas.o(i.UART_InChar), (24 bytes).
    Removing texas.o(i.UART_InCharNonBlocking), (28 bytes).
    Removing texas.o(i.UART_OutChar), (24 bytes).
    Removing texas.o(i.UART_OutCharNonBlock), (12 bytes).
    Removing texas.o(i.copy), (18 bytes).

11 unused section(s) (total 406 bytes) removed from the image.

==============================================================================

Image Symbol Table

    Local Symbols

    Symbol Name                              Value     Ov Type        Size  Object(Section)

    RESET                                    0x00000000   Section      644  startup.o(RESET)
    ../clib/angel/boardlib.s                 0x00000000   Number         0  boardshut.o ABSOLUTE
    ../clib/angel/boardlib.s                 0x00000000   Number         0  boardinit3.o ABSOLUTE
    ../clib/angel/boardlib.s                 0x00000000   Number         0  boardinit2.o ABSOLUTE
    ../clib/angel/boardlib.s                 0x00000000   Number         0  boardinit1.o ABSOLUTE
    ../clib/angel/handlers.s                 0x00000000   Number         0  __scatter_copy.o ABSOLUTE
    ../clib/angel/handlers.s                 0x00000000   Number         0  __scatter_zi.o ABSOLUTE
    ../clib/angel/kernel.s                   0x00000000   Number         0  rtexit.o ABSOLUTE
    ../clib/angel/kernel.s                   0x00000000   Number         0  rtentry4.o ABSOLUTE
    ../clib/angel/kernel.s                   0x00000000   Number         0  rtentry2.o ABSOLUTE
    ../clib/angel/kernel.s                   0x00000000   Number         0  rtentry.o ABSOLUTE
    ../clib/angel/kernel.s                   0x00000000   Number         0  rtexit2.o ABSOLUTE
    ../clib/angel/rt.s                       0x00000000   Number         0  rt_raise.o ABSOLUTE
    ../clib/angel/scatter.s                  0x00000000   Number         0  __scatter.o ABSOLUTE
    ../clib/angel/startup.s                  0x00000000   Number         0  __main.o ABSOLUTE
    ../clib/angel/sys.s                      0x00000000   Number         0  indicate_semi.o ABSOLUTE
    ../clib/angel/sys.s                      0x00000000   Number         0  libspace.o ABSOLUTE
    ../clib/angel/sys.s                      0x00000000   Number         0  use_no_semi.o ABSOLUTE
    ../clib/angel/sys.s                      0x00000000   Number         0  sys_stackheap_outer.o ABSOLUTE
    ../clib/angel/sysapp.c                   0x00000000   Number         0  sys_command.o ABSOLUTE
    ../clib/angel/sysapp.c                   0x00000000   Number         0  sys_exit.o ABSOLUTE
    ../clib/angel/sysapp.c                   0x00000000   Number         0  sys_wrch.o ABSOLUTE
    ../clib/armsys.c                         0x00000000   Number         0  argv_veneer.o ABSOLUTE
    ../clib/armsys.c                         0x00000000   Number         0  no_argv.o ABSOLUTE
    ../clib/armsys.c                         0x00000000   Number         0  _get_argv_nomalloc.o ABSOLUTE
    ../clib/armsys.c                         0x00000000   Number         0  argv_veneer.o ABSOLUTE
    ../clib/heapalloc.c                      0x00000000   Number         0  hrguard.o ABSOLUTE
    ../clib/heapaux.c                        0x00000000   Number         0  heapauxi.o ABSOLUTE
    ../clib/libinit.s                        0x00000000   Number         0  libinit.o ABSOLUTE
    ../clib/libinit.s                        0x00000000   Number         0  libshutdown.o ABSOLUTE
    ../clib/libinit.s                        0x00000000   Number         0  libinit2.o ABSOLUTE
    ../clib/libinit.s                        0x00000000   Number         0  libshutdown2.o ABSOLUTE
    ../clib/signal.c                         0x00000000   Number         0  defsig_rtmem_outer.o ABSOLUTE
    ../clib/signal.c                         0x00000000   Number         0  defsig_rtmem_formal.o ABSOLUTE
    ../clib/signal.c                         0x00000000   Number         0  defsig_other.o ABSOLUTE
    ../clib/signal.c                         0x00000000   Number         0  defsig_exit.o ABSOLUTE
    ../clib/signal.c                         0x00000000   Number         0  defsig_segv_inner.o ABSOLUTE
    ../clib/signal.c                         0x00000000   Number         0  defsig_pvfn_inner.o ABSOLUTE
    ../clib/signal.c                         0x00000000   Number         0  defsig_stak_inner.o ABSOLUTE
    ../clib/signal.c                         0x00000000   Number         0  defsig_rtred_inner.o ABSOLUTE
    ../clib/signal.c                         0x00000000   Number         0  defsig_fpe_inner.o ABSOLUTE
    ../clib/signal.c                         0x00000000   Number         0  defsig_abrt_inner.o ABSOLUTE
    ../clib/signal.c                         0x00000000   Number         0  __raise.o ABSOLUTE
    ../clib/signal.c                         0x00000000   Number         0  defsig_general.o ABSOLUTE
    ../clib/signal.c                         0x00000000   Number         0  defsig_cppl_inner.o ABSOLUTE
    ../clib/signal.c                         0x00000000   Number         0  defsig_rtmem_inner.o ABSOLUTE
    ../clib/signal.s                         0x00000000   Number         0  defsig.o ABSOLUTE
    ../clib/stdlib.c                         0x00000000   Number         0  exit.o ABSOLUTE
    ../fplib/dcmpi.s                         0x00000000   Number         0  dcmpi.o ABSOLUTE
    ../fplib/dflt.s                          0x00000000   Number         0  dflt_clz.o ABSOLUTE
    ../fplib/dleqf.s                         0x00000000   Number         0  dleqf.o ABSOLUTE
    ../fplib/dnaninf.s                       0x00000000   Number         0  dnaninf.o ABSOLUTE
    ../fplib/drleqf.s                        0x00000000   Number         0  drleqf.o ABSOLUTE
    ../fplib/fpinit.s                        0x00000000   Number         0  fpinit.o ABSOLUTE
    ../fplib/usenofp.s                       0x00000000   Number         0  usenofp.o ABSOLUTE
    TExaS.c                                  0x00000000   Number         0  texas.o ABSOLUTE
    TuningFork.c                             0x00000000   Number         0  tuningfork.o ABSOLUTE
    dc.s                                     0x00000000   Number         0  dc.o ABSOLUTE
    startup.s                                0x00000000   Number         0  startup.o ABSOLUTE
    !!!main                                  0x00000284   Section        8  __main.o(!!!main)
    !!!scatter                               0x0000028c   Section       52  __scatter.o(!!!scatter)
    !!handler_copy                           0x000002c0   Section       26  __scatter_copy.o(!!handler_copy)
    !!handler_zi                             0x000002dc   Section       28  __scatter_zi.o(!!handler_zi)
    .ARM.Collect$$libinit$$00000000          0x000002f8   Section        2  libinit.o(.ARM.Collect$$libinit$$00000000)
    .ARM.Collect$$libinit$$00000002          0x000002fa   Section        0  libinit2.o(.ARM.Collect$$libinit$$00000002)
    .ARM.Collect$$libinit$$00000008          0x000002fa   Section        0  libinit2.o(.ARM.Collect$$libinit$$00000008)
    .ARM.Collect$$libinit$$0000000A          0x000002fa   Section        0  libinit2.o(.ARM.Collect$$libinit$$0000000A)
    .ARM.Collect$$libinit$$0000000C          0x000002fa   Section        0  libinit2.o(.ARM.Collect$$libinit$$0000000C)
    .ARM.Collect$$libinit$$0000000F          0x000002fa   Section        0  libinit2.o(.ARM.Collect$$libinit$$0000000F)
    .ARM.Collect$$libinit$$00000011          0x000002fa   Section        0  libinit2.o(.ARM.Collect$$libinit$$00000011)
    .ARM.Collect$$libinit$$00000013          0x000002fa   Section        0  libinit2.o(.ARM.Collect$$libinit$$00000013)
    .ARM.Collect$$libinit$$00000015          0x000002fa   Section        0  libinit2.o(.ARM.Collect$$libinit$$00000015)
    .ARM.Collect$$libinit$$00000017          0x000002fa   Section        0  libinit2.o(.ARM.Collect$$libinit$$00000017)
    .ARM.Collect$$libinit$$00000019          0x000002fa   Section        0  libinit2.o(.ARM.Collect$$libinit$$00000019)
    .ARM.Collect$$libinit$$0000001B          0x000002fa   Section        0  libinit2.o(.ARM.Collect$$libinit$$0000001B)
    .ARM.Collect$$libinit$$0000001D          0x000002fa   Section        0  libinit2.o(.ARM.Collect$$libinit$$0000001D)
    .ARM.Collect$$libinit$$0000001F          0x000002fa   Section        0  libinit2.o(.ARM.Collect$$libinit$$0000001F)
    .ARM.Collect$$libinit$$00000021          0x000002fa   Section        0  libinit2.o(.ARM.Collect$$libinit$$00000021)
    .ARM.Collect$$libinit$$00000023          0x000002fa   Section        0  libinit2.o(.ARM.Collect$$libinit$$00000023)
    .ARM.Collect$$libinit$$0000002A          0x000002fa   Section        0  libinit2.o(.ARM.Collect$$libinit$$0000002A)
    .ARM.Collect$$libinit$$0000002C          0x000002fa   Section        0  libinit2.o(.ARM.Collect$$libinit$$0000002C)
    .ARM.Collect$$libinit$$0000002E          0x000002fa   Section        0  libinit2.o(.ARM.Collect$$libinit$$0000002E)
    .ARM.Collect$$libinit$$00000030          0x000002fa   Section        0  libinit2.o(.ARM.Collect$$libinit$$00000030)
    .ARM.Collect$$libinit$$00000031          0x000002fa   Section        2  libinit2.o(.ARM.Collect$$libinit$$00000031)
    .ARM.Collect$$libshutdown$$00000000      0x000002fc   Section        2  libshutdown.o(.ARM.Collect$$libshutdown$$00000000)
    .ARM.Collect$$libshutdown$$00000003      0x000002fe   Section        0  libshutdown2.o(.ARM.Collect$$libshutdown$$00000003)
    .ARM.Collect$$libshutdown$$00000006      0x000002fe   Section        0  libshutdown2.o(.ARM.Collect$$libshutdown$$00000006)
    .ARM.Collect$$libshutdown$$00000009      0x000002fe   Section        0  libshutdown2.o(.ARM.Collect$$libshutdown$$00000009)
    .ARM.Collect$$libshutdown$$0000000B      0x000002fe   Section        0  libshutdown2.o(.ARM.Collect$$libshutdown$$0000000B)
    .ARM.Collect$$libshutdown$$0000000E      0x000002fe   Section        0  libshutdown2.o(.ARM.Collect$$libshutdown$$0000000E)
    .ARM.Collect$$libshutdown$$0000000F      0x000002fe   Section        2  libshutdown2.o(.ARM.Collect$$libshutdown$$0000000F)
    .ARM.Collect$$rtentry$$00000000          0x00000300   Section        0  rtentry.o(.ARM.Collect$$rtentry$$00000000)
    .ARM.Collect$$rtentry$$00000002          0x00000300   Section        0  rtentry2.o(.ARM.Collect$$rtentry$$00000002)
    .ARM.Collect$$rtentry$$00000004          0x00000300   Section        6  rtentry4.o(.ARM.Collect$$rtentry$$00000004)
    .ARM.Collect$$rtentry$$00000009          0x00000306   Section        0  rtentry2.o(.ARM.Collect$$rtentry$$00000009)
    .ARM.Collect$$rtentry$$0000000A          0x00000306   Section        4  rtentry2.o(.ARM.Collect$$rtentry$$0000000A)
    .ARM.Collect$$rtentry$$0000000C          0x0000030a   Section        0  rtentry2.o(.ARM.Collect$$rtentry$$0000000C)
    .ARM.Collect$$rtentry$$0000000D          0x0000030a   Section        8  rtentry2.o(.ARM.Collect$$rtentry$$0000000D)
    .ARM.Collect$$rtexit$$00000000           0x00000312   Section        2  rtexit.o(.ARM.Collect$$rtexit$$00000000)
    .ARM.Collect$$rtexit$$00000002           0x00000314   Section        0  rtexit2.o(.ARM.Collect$$rtexit$$00000002)
    .ARM.Collect$$rtexit$$00000003           0x00000314   Section        4  rtexit2.o(.ARM.Collect$$rtexit$$00000003)
    .ARM.Collect$$rtexit$$00000004           0x00000318   Section        6  rtexit2.o(.ARM.Collect$$rtexit$$00000004)
    .text                                    0x00000320   Section       48  startup.o(.text)
    .text                                    0x00000350   Section        0  heapauxi.o(.text)
    .text                                    0x00000356   Section       74  sys_stackheap_outer.o(.text)
    .text                                    0x000003a0   Section        0  exit.o(.text)
    .text                                    0x000003ac   Section        8  libspace.o(.text)
    .text                                    0x000003b4   Section        0  sys_exit.o(.text)
    .text                                    0x000003c0   Section        2  use_no_semi.o(.text)
    .text                                    0x000003c2   Section        0  indicate_semi.o(.text)
    i.ADC1_In                                0x000003c4   Section        0  texas.o(i.ADC1_In)
    i.ADC1_Init                              0x000003d0   Section        0  texas.o(i.ADC1_Init)
    i.Encrypt                                0x000004a0   Section        0  texas.o(i.Encrypt)
    i.GPIOPortA_Handler                      0x0000050c   Section        0  texas.o(i.GPIOPortA_Handler)
    i.GPIOPortB_Handler                      0x00000520   Section        0  texas.o(i.GPIOPortB_Handler)
    i.GPIOPortE_Handler                      0x00000534   Section        0  texas.o(i.GPIOPortE_Handler)
    i.PLL_Init                               0x00000548   Section        0  texas.o(i.PLL_Init)
    i.SetCode                                0x000005c4   Section        0  texas.o(i.SetCode)
    i.SetCourse                              0x000005dc   Section        0  texas.o(i.SetCourse)
    i.SetGrade                               0x000005f4   Section        0  texas.o(i.SetGrade)
    i.SpecialBGTest1_End                     0x000006c0   Section        0  texas.o(i.SpecialBGTest1_End)
    i.SpecialBGTest1_Periodic                0x000007fc   Section        0  texas.o(i.SpecialBGTest1_Periodic)
    i.SpecialBGTest1_Start                   0x00000860   Section        0  texas.o(i.SpecialBGTest1_Start)
    i.SysTick_Handler                        0x000009b8   Section        0  tuningfork.o(i.SysTick_Handler)
    i.TExaS_Init                             0x000009f0   Section        0  texas.o(i.TExaS_Init)
    i.Timer4A_Handler                        0x00000bb8   Section        0  texas.o(i.Timer4A_Handler)
    i.Timer5A_Handler                        0x00000bd8   Section        0  texas.o(i.Timer5A_Handler)
    i.UART_Init                              0x000011e8   Section        0  texas.o(i.UART_Init)
    i.delay                                  0x00001280   Section        0  tuningfork.o(i.delay)
    i.initPortA_in                           0x00001298   Section        0  tuningfork.o(i.initPortA_in)
    i.initPortA_out                          0x000012ec   Section        0  tuningfork.o(i.initPortA_out)
    i.initSysTick                            0x0000133c   Section        0  tuningfork.o(i.initSysTick)
    i.main                                   0x00001370   Section        0  tuningfork.o(i.main)
    x$fpl$dcmpinf                            0x00001408   Section       24  dcmpi.o(x$fpl$dcmpinf)
    x$fpl$dfltu                              0x00001420   Section       38  dflt_clz.o(x$fpl$dfltu)
    x$fpl$dleqf                              0x00001448   Section      120  dleqf.o(x$fpl$dleqf)
    x$fpl$dnaninf                            0x000014c0   Section      156  dnaninf.o(x$fpl$dnaninf)
    x$fpl$drleqf                             0x0000155c   Section      108  drleqf.o(x$fpl$drleqf)
    .constdata                               0x000015c8   Section       24  tuningfork.o(.constdata)
    x$fpl$usenofp                            0x000015c8   Section        0  usenofp.o(x$fpl$usenofp)
    .constdata                               0x000015e0   Section     7304  texas.o(.constdata)
    .data                                    0x20000000   Section        8  tuningfork.o(.data)
    .data                                    0x20000008   Section       76  texas.o(.data)
    previousTime                             0x20000024   Data           4  texas.o(.data)
    RealGrade                                0x20000028   Data           4  texas.o(.data)
    .bss                                     0x20000058   Section      628  texas.o(.bss)
    .bss                                     0x200002cc   Section       96  libspace.o(.bss)
    HEAP                                     0x20000330   Section        0  startup.o(HEAP)
    STACK                                    0x20000330   Section     1024  startup.o(STACK)
    HeapMem                                  0x20000330   Data           0  startup.o(HEAP)
    StackMem                                 0x20000330   Data           0  startup.o(STACK)

    Global Symbols

    Symbol Name                              Value     Ov Type        Size  Object(Section)

    BuildAttributes$$THM_ISAv4$E$P$D$K$B$S$7EM$PE$A:L22UL41UL21$X:L11$S22US41US21$IEEE1$IW$USESV6$~STKCKD$USESV7$~SHL$OSPACE$ROPI$EBA8$UX$STANDARDLIB$REQ8$PRES8$EABIv2 0x00000000   Number         0  anon$$obj.o ABSOLUTE
    __ARM_use_no_argv                        0x00000000   Number         0  tuningfork.o ABSOLUTE
    __Vectors                                0x00000000   Data           0  startup.o(RESET)
    __ARM_exceptions_init                     - Undefined Weak Reference
    __alloca_initialize                       - Undefined Weak Reference
    __cpp_initialize__aeabi_                  - Undefined Weak Reference
    __cxa_finalize                            - Undefined Weak Reference
    __rt_locale                               - Undefined Weak Reference
    __sigvec_lookup                           - Undefined Weak Reference
    _atexit_init                              - Undefined Weak Reference
    _call_atexit_fns                          - Undefined Weak Reference
    _clock_init                               - Undefined Weak Reference
    _fp_trap_init                             - Undefined Weak Reference
    _fp_trap_shutdown                         - Undefined Weak Reference
    _get_lc_collate                           - Undefined Weak Reference
    _get_lc_ctype                             - Undefined Weak Reference
    _get_lc_monetary                          - Undefined Weak Reference
    _get_lc_numeric                           - Undefined Weak Reference
    _get_lc_time                              - Undefined Weak Reference
    _getenv_init                              - Undefined Weak Reference
    _handle_redirection                       - Undefined Weak Reference
    _init_alloc                               - Undefined Weak Reference
    _init_user_alloc                          - Undefined Weak Reference
    _initio                                   - Undefined Weak Reference
    _rand_init                                - Undefined Weak Reference
    _signal_finish                            - Undefined Weak Reference
    _signal_init                              - Undefined Weak Reference
    _terminate_alloc                          - Undefined Weak Reference
    _terminate_user_alloc                     - Undefined Weak Reference
    _terminateio                              - Undefined Weak Reference
    Reset_Handler                            0x0000026d   Thumb Code     0  startup.o(RESET)
    NMI_Handler                              0x00000271   Thumb Code     2  startup.o(RESET)
    HardFault_Handler                        0x00000273   Thumb Code     2  startup.o(RESET)
    MemManage_Handler                        0x00000275   Thumb Code     2  startup.o(RESET)
    BusFault_Handler                         0x00000277   Thumb Code     2  startup.o(RESET)
    UsageFault_Handler                       0x00000279   Thumb Code     2  startup.o(RESET)
    SVC_Handler                              0x0000027b   Thumb Code     2  startup.o(RESET)
    DebugMon_Handler                         0x0000027d   Thumb Code     2  startup.o(RESET)
    PendSV_Handler                           0x0000027f   Thumb Code     2  startup.o(RESET)
    ADC0Seq0_Handler                         0x00000283   Thumb Code     0  startup.o(RESET)
    ADC0Seq1_Handler                         0x00000283   Thumb Code     0  startup.o(RESET)
    ADC0Seq2_Handler                         0x00000283   Thumb Code     0  startup.o(RESET)
    ADC0Seq3_Handler                         0x00000283   Thumb Code     0  startup.o(RESET)
    ADC1Seq0_Handler                         0x00000283   Thumb Code     0  startup.o(RESET)
    ADC1Seq1_Handler                         0x00000283   Thumb Code     0  startup.o(RESET)
    ADC1Seq2_Handler                         0x00000283   Thumb Code     0  startup.o(RESET)
    ADC1Seq3_Handler                         0x00000283   Thumb Code     0  startup.o(RESET)
    CAN0_Handler                             0x00000283   Thumb Code     0  startup.o(RESET)
    CAN1_Handler                             0x00000283   Thumb Code     0  startup.o(RESET)
    CAN2_Handler                             0x00000283   Thumb Code     0  startup.o(RESET)
    Comp0_Handler                            0x00000283   Thumb Code     0  startup.o(RESET)
    Comp1_Handler                            0x00000283   Thumb Code     0  startup.o(RESET)
    Comp2_Handler                            0x00000283   Thumb Code     0  startup.o(RESET)
    Ethernet_Handler                         0x00000283   Thumb Code     0  startup.o(RESET)
    ExtBus_Handler                           0x00000283   Thumb Code     0  startup.o(RESET)
    FPU_Handler                              0x00000283   Thumb Code     0  startup.o(RESET)
    Fan0_Handler                             0x00000283   Thumb Code     0  startup.o(RESET)
    FlashCtl_Handler                         0x00000283   Thumb Code     0  startup.o(RESET)
    GPIOPortC_Handler                        0x00000283   Thumb Code     0  startup.o(RESET)
    GPIOPortD_Handler                        0x00000283   Thumb Code     0  startup.o(RESET)
    GPIOPortF_Handler                        0x00000283   Thumb Code     0  startup.o(RESET)
    GPIOPortG_Handler                        0x00000283   Thumb Code     0  startup.o(RESET)
    GPIOPortH_Handler                        0x00000283   Thumb Code     0  startup.o(RESET)
    GPIOPortJ_Handler                        0x00000283   Thumb Code     0  startup.o(RESET)
    GPIOPortK_Handler                        0x00000283   Thumb Code     0  startup.o(RESET)
    GPIOPortL_Handler                        0x00000283   Thumb Code     0  startup.o(RESET)
    GPIOPortM_Handler                        0x00000283   Thumb Code     0  startup.o(RESET)
    GPIOPortN_Handler                        0x00000283   Thumb Code     0  startup.o(RESET)
    GPIOPortP1_Handler                       0x00000283   Thumb Code     0  startup.o(RESET)
    GPIOPortP2_Handler                       0x00000283   Thumb Code     0  startup.o(RESET)
    GPIOPortP3_Handler                       0x00000283   Thumb Code     0  startup.o(RESET)
    GPIOPortP4_Handler                       0x00000283   Thumb Code     0  startup.o(RESET)
    GPIOPortP5_Handler                       0x00000283   Thumb Code     0  startup.o(RESET)
    GPIOPortP6_Handler                       0x00000283   Thumb Code     0  startup.o(RESET)
    GPIOPortP7_Handler                       0x00000283   Thumb Code     0  startup.o(RESET)
    GPIOPortP_Handler                        0x00000283   Thumb Code     0  startup.o(RESET)
    GPIOPortQ1_Handler                       0x00000283   Thumb Code     0  startup.o(RESET)
    GPIOPortQ2_Handler                       0x00000283   Thumb Code     0  startup.o(RESET)
    GPIOPortQ3_Handler                       0x00000283   Thumb Code     0  startup.o(RESET)
    GPIOPortQ4_Handler                       0x00000283   Thumb Code     0  startup.o(RESET)
    GPIOPortQ5_Handler                       0x00000283   Thumb Code     0  startup.o(RESET)
    GPIOPortQ6_Handler                       0x00000283   Thumb Code     0  startup.o(RESET)
    GPIOPortQ7_Handler                       0x00000283   Thumb Code     0  startup.o(RESET)
    GPIOPortQ_Handler                        0x00000283   Thumb Code     0  startup.o(RESET)
    GPIOPortR_Handler                        0x00000283   Thumb Code     0  startup.o(RESET)
    GPIOPortS_Handler                        0x00000283   Thumb Code     0  startup.o(RESET)
    Hibernate_Handler                        0x00000283   Thumb Code     0  startup.o(RESET)
    I2C0_Handler                             0x00000283   Thumb Code     0  startup.o(RESET)
    I2C1_Handler                             0x00000283   Thumb Code     0  startup.o(RESET)
    I2C2_Handler                             0x00000283   Thumb Code     0  startup.o(RESET)
    I2C3_Handler                             0x00000283   Thumb Code     0  startup.o(RESET)
    I2C4_Handler                             0x00000283   Thumb Code     0  startup.o(RESET)
    I2C5_Handler                             0x00000283   Thumb Code     0  startup.o(RESET)
    I2S0_Handler                             0x00000283   Thumb Code     0  startup.o(RESET)
    LPC0_Handler                             0x00000283   Thumb Code     0  startup.o(RESET)
    PECI0_Handler                            0x00000283   Thumb Code     0  startup.o(RESET)
    PWM0Fault_Handler                        0x00000283   Thumb Code     0  startup.o(RESET)
    PWM0Generator0_Handler                   0x00000283   Thumb Code     0  startup.o(RESET)
    PWM0Generator1_Handler                   0x00000283   Thumb Code     0  startup.o(RESET)
    PWM0Generator2_Handler                   0x00000283   Thumb Code     0  startup.o(RESET)
    PWM0Generator3_Handler                   0x00000283   Thumb Code     0  startup.o(RESET)
    PWM1Fault_Handler                        0x00000283   Thumb Code     0  startup.o(RESET)
    PWM1Generator0_Handler                   0x00000283   Thumb Code     0  startup.o(RESET)
    PWM1Generator1_Handler                   0x00000283   Thumb Code     0  startup.o(RESET)
    PWM1Generator2_Handler                   0x00000283   Thumb Code     0  startup.o(RESET)
    PWM1Generator3_Handler                   0x00000283   Thumb Code     0  startup.o(RESET)
    Quadrature0_Handler                      0x00000283   Thumb Code     0  startup.o(RESET)
    Quadrature1_Handler                      0x00000283   Thumb Code     0  startup.o(RESET)
    Quadrature2_Handler                      0x00000283   Thumb Code     0  startup.o(RESET)
    SSI0_Handler                             0x00000283   Thumb Code     0  startup.o(RESET)
    SSI1_Handler                             0x00000283   Thumb Code     0  startup.o(RESET)
    SSI2_Handler                             0x00000283   Thumb Code     0  startup.o(RESET)
    SSI3_Handler                             0x00000283   Thumb Code     0  startup.o(RESET)
    SysCtl_Handler                           0x00000283   Thumb Code     0  startup.o(RESET)
    Timer0A_Handler                          0x00000283   Thumb Code     0  startup.o(RESET)
    Timer0B_Handler                          0x00000283   Thumb Code     0  startup.o(RESET)
    Timer1A_Handler                          0x00000283   Thumb Code     0  startup.o(RESET)
    Timer1B_Handler                          0x00000283   Thumb Code     0  startup.o(RESET)
    Timer2A_Handler                          0x00000283   Thumb Code     0  startup.o(RESET)
    Timer2B_Handler                          0x00000283   Thumb Code     0  startup.o(RESET)
    Timer3A_Handler                          0x00000283   Thumb Code     0  startup.o(RESET)
    Timer3B_Handler                          0x00000283   Thumb Code     0  startup.o(RESET)
    Timer4B_Handler                          0x00000283   Thumb Code     0  startup.o(RESET)
    Timer5B_Handler                          0x00000283   Thumb Code     0  startup.o(RESET)
    UART0_Handler                            0x00000283   Thumb Code     0  startup.o(RESET)
    UART1_Handler                            0x00000283   Thumb Code     0  startup.o(RESET)
    UART2_Handler                            0x00000283   Thumb Code     0  startup.o(RESET)
    UART3_Handler                            0x00000283   Thumb Code     0  startup.o(RESET)
    UART4_Handler                            0x00000283   Thumb Code     0  startup.o(RESET)
    UART5_Handler                            0x00000283   Thumb Code     0  startup.o(RESET)
    UART6_Handler                            0x00000283   Thumb Code     0  startup.o(RESET)
    UART7_Handler                            0x00000283   Thumb Code     0  startup.o(RESET)
    USB0_Handler                             0x00000283   Thumb Code     0  startup.o(RESET)
    WDT_Handler                              0x00000283   Thumb Code     0  startup.o(RESET)
    WideTimer0A_Handler                      0x00000283   Thumb Code     0  startup.o(RESET)
    WideTimer0B_Handler                      0x00000283   Thumb Code     0  startup.o(RESET)
    WideTimer1A_Handler                      0x00000283   Thumb Code     0  startup.o(RESET)
    WideTimer1B_Handler                      0x00000283   Thumb Code     0  startup.o(RESET)
    WideTimer2A_Handler                      0x00000283   Thumb Code     0  startup.o(RESET)
    WideTimer2B_Handler                      0x00000283   Thumb Code     0  startup.o(RESET)
    WideTimer3A_Handler                      0x00000283   Thumb Code     0  startup.o(RESET)
    WideTimer3B_Handler                      0x00000283   Thumb Code     0  startup.o(RESET)
    WideTimer4A_Handler                      0x00000283   Thumb Code     0  startup.o(RESET)
    WideTimer4B_Handler                      0x00000283   Thumb Code     0  startup.o(RESET)
    WideTimer5A_Handler                      0x00000283   Thumb Code     0  startup.o(RESET)
    WideTimer5B_Handler                      0x00000283   Thumb Code     0  startup.o(RESET)
    uDMA_Error                               0x00000283   Thumb Code     0  startup.o(RESET)
    uDMA_Handler                             0x00000283   Thumb Code     0  startup.o(RESET)
    __main                                   0x00000285   Thumb Code     8  __main.o(!!!main)
    __scatterload                            0x0000028d   Thumb Code     0  __scatter.o(!!!scatter)
    __scatterload_rt2                        0x0000028d   Thumb Code    44  __scatter.o(!!!scatter)
    __scatterload_rt2_thumb_only             0x0000028d   Thumb Code     0  __scatter.o(!!!scatter)
    __scatterload_null                       0x0000029b   Thumb Code     0  __scatter.o(!!!scatter)
    __scatterload_copy                       0x000002c1   Thumb Code    26  __scatter_copy.o(!!handler_copy)
    __scatterload_zeroinit                   0x000002dd   Thumb Code    28  __scatter_zi.o(!!handler_zi)
    __rt_lib_init                            0x000002f9   Thumb Code     0  libinit.o(.ARM.Collect$$libinit$$00000000)
    __rt_lib_init_alloca_1                   0x000002fb   Thumb Code     0  libinit2.o(.ARM.Collect$$libinit$$0000002C)
    __rt_lib_init_argv_1                     0x000002fb   Thumb Code     0  libinit2.o(.ARM.Collect$$libinit$$0000002A)
    __rt_lib_init_atexit_1                   0x000002fb   Thumb Code     0  libinit2.o(.ARM.Collect$$libinit$$00000019)
    __rt_lib_init_clock_1                    0x000002fb   Thumb Code     0  libinit2.o(.ARM.Collect$$libinit$$0000001F)
    __rt_lib_init_cpp_1                      0x000002fb   Thumb Code     0  libinit2.o(.ARM.Collect$$libinit$$00000030)
    __rt_lib_init_exceptions_1               0x000002fb   Thumb Code     0  libinit2.o(.ARM.Collect$$libinit$$0000002E)
    __rt_lib_init_fp_1                       0x000002fb   Thumb Code     0  libinit2.o(.ARM.Collect$$libinit$$00000002)
    __rt_lib_init_fp_trap_1                  0x000002fb   Thumb Code     0  libinit2.o(.ARM.Collect$$libinit$$0000001D)
    __rt_lib_init_getenv_1                   0x000002fb   Thumb Code     0  libinit2.o(.ARM.Collect$$libinit$$00000021)
    __rt_lib_init_heap_1                     0x000002fb   Thumb Code     0  libinit2.o(.ARM.Collect$$libinit$$00000008)
    __rt_lib_init_lc_collate_1               0x000002fb   Thumb Code     0  libinit2.o(.ARM.Collect$$libinit$$0000000F)
    __rt_lib_init_lc_ctype_1                 0x000002fb   Thumb Code     0  libinit2.o(.ARM.Collect$$libinit$$00000011)
    __rt_lib_init_lc_monetary_1              0x000002fb   Thumb Code     0  libinit2.o(.ARM.Collect$$libinit$$00000013)
    __rt_lib_init_lc_numeric_1               0x000002fb   Thumb Code     0  libinit2.o(.ARM.Collect$$libinit$$00000015)
    __rt_lib_init_lc_time_1                  0x000002fb   Thumb Code     0  libinit2.o(.ARM.Collect$$libinit$$00000017)
    __rt_lib_init_rand_1                     0x000002fb   Thumb Code     0  libinit2.o(.ARM.Collect$$libinit$$0000000C)
    __rt_lib_init_return                     0x000002fb   Thumb Code     0  libinit2.o(.ARM.Collect$$libinit$$00000031)
    __rt_lib_init_signal_1                   0x000002fb   Thumb Code     0  libinit2.o(.ARM.Collect$$libinit$$0000001B)
    __rt_lib_init_stdio_1                    0x000002fb   Thumb Code     0  libinit2.o(.ARM.Collect$$libinit$$00000023)
    __rt_lib_init_user_alloc_1               0x000002fb   Thumb Code     0  libinit2.o(.ARM.Collect$$libinit$$0000000A)
    __rt_lib_shutdown                        0x000002fd   Thumb Code     0  libshutdown.o(.ARM.Collect$$libshutdown$$00000000)
    __rt_lib_shutdown_fp_trap_1              0x000002ff   Thumb Code     0  libshutdown2.o(.ARM.Collect$$libshutdown$$00000006)
    __rt_lib_shutdown_heap_1                 0x000002ff   Thumb Code     0  libshutdown2.o(.ARM.Collect$$libshutdown$$0000000E)
    __rt_lib_shutdown_return                 0x000002ff   Thumb Code     0  libshutdown2.o(.ARM.Collect$$libshutdown$$0000000F)
    __rt_lib_shutdown_signal_1               0x000002ff   Thumb Code     0  libshutdown2.o(.ARM.Collect$$libshutdown$$00000009)
    __rt_lib_shutdown_stdio_1                0x000002ff   Thumb Code     0  libshutdown2.o(.ARM.Collect$$libshutdown$$00000003)
    __rt_lib_shutdown_user_alloc_1           0x000002ff   Thumb Code     0  libshutdown2.o(.ARM.Collect$$libshutdown$$0000000B)
    __rt_entry                               0x00000301   Thumb Code     0  rtentry.o(.ARM.Collect$$rtentry$$00000000)
    __rt_entry_presh_1                       0x00000301   Thumb Code     0  rtentry2.o(.ARM.Collect$$rtentry$$00000002)
    __rt_entry_sh                            0x00000301   Thumb Code     0  rtentry4.o(.ARM.Collect$$rtentry$$00000004)
    __rt_entry_li                            0x00000307   Thumb Code     0  rtentry2.o(.ARM.Collect$$rtentry$$0000000A)
    __rt_entry_postsh_1                      0x00000307   Thumb Code     0  rtentry2.o(.ARM.Collect$$rtentry$$00000009)
    __rt_entry_main                          0x0000030b   Thumb Code     0  rtentry2.o(.ARM.Collect$$rtentry$$0000000D)
    __rt_entry_postli_1                      0x0000030b   Thumb Code     0  rtentry2.o(.ARM.Collect$$rtentry$$0000000C)
    __rt_exit                                0x00000313   Thumb Code     0  rtexit.o(.ARM.Collect$$rtexit$$00000000)
    __rt_exit_ls                             0x00000315   Thumb Code     0  rtexit2.o(.ARM.Collect$$rtexit$$00000003)
    __rt_exit_prels_1                        0x00000315   Thumb Code     0  rtexit2.o(.ARM.Collect$$rtexit$$00000002)
    __rt_exit_exit                           0x00000319   Thumb Code     0  rtexit2.o(.ARM.Collect$$rtexit$$00000004)
    DisableInterrupts                        0x00000321   Thumb Code     0  startup.o(.text)
    EnableInterrupts                         0x00000325   Thumb Code     0  startup.o(.text)
    StartCritical                            0x00000329   Thumb Code     0  startup.o(.text)
    EndCritical                              0x00000331   Thumb Code     0  startup.o(.text)
    WaitForInterrupt                         0x00000337   Thumb Code     0  startup.o(.text)
    __user_initial_stackheap                 0x0000033b   Thumb Code     0  startup.o(.text)
    __use_two_region_memory                  0x00000351   Thumb Code     2  heapauxi.o(.text)
    __rt_heap_escrow$2region                 0x00000353   Thumb Code     2  heapauxi.o(.text)
    __rt_heap_expand$2region                 0x00000355   Thumb Code     2  heapauxi.o(.text)
    __user_setup_stackheap                   0x00000357   Thumb Code    74  sys_stackheap_outer.o(.text)
    exit                                     0x000003a1   Thumb Code    12  exit.o(.text)
    __user_libspace                          0x000003ad   Thumb Code     8  libspace.o(.text)
    __user_perproc_libspace                  0x000003ad   Thumb Code     0  libspace.o(.text)
    __user_perthread_libspace                0x000003ad   Thumb Code     0  libspace.o(.text)
    _sys_exit                                0x000003b5   Thumb Code     8  sys_exit.o(.text)
    __I$use$semihosting                      0x000003c1   Thumb Code     0  use_no_semi.o(.text)
    __use_no_semihosting_swi                 0x000003c1   Thumb Code     2  use_no_semi.o(.text)
    __semihosting_library_function           0x000003c3   Thumb Code     0  indicate_semi.o(.text)
    ADC1_In                                  0x000003c5   Thumb Code     6  texas.o(i.ADC1_In)
    ADC1_Init                                0x000003d1   Thumb Code   168  texas.o(i.ADC1_Init)
    Encrypt                                  0x000004a1   Thumb Code    92  texas.o(i.Encrypt)
    GPIOPortA_Handler                        0x0000050d   Thumb Code    14  texas.o(i.GPIOPortA_Handler)
    GPIOPortB_Handler                        0x00000521   Thumb Code    14  texas.o(i.GPIOPortB_Handler)
    GPIOPortE_Handler                        0x00000535   Thumb Code    14  texas.o(i.GPIOPortE_Handler)
    PLL_Init                                 0x00000549   Thumb Code   118  texas.o(i.PLL_Init)
    SetCode                                  0x000005c5   Thumb Code    20  texas.o(i.SetCode)
    SetCourse                                0x000005dd   Thumb Code    20  texas.o(i.SetCourse)
    SetGrade                                 0x000005f5   Thumb Code   196  texas.o(i.SetGrade)
    SpecialBGTest1_End                       0x000006c1   Thumb Code   180  texas.o(i.SpecialBGTest1_End)
    SpecialBGTest1_Periodic                  0x000007fd   Thumb Code    80  texas.o(i.SpecialBGTest1_Periodic)
    SpecialBGTest1_Start                     0x00000861   Thumb Code   306  texas.o(i.SpecialBGTest1_Start)
    SysTick_Handler                          0x000009b9   Thumb Code    50  tuningfork.o(i.SysTick_Handler)
    TExaS_Init                               0x000009f1   Thumb Code   324  texas.o(i.TExaS_Init)
    Timer4A_Handler                          0x00000bb9   Thumb Code    20  texas.o(i.Timer4A_Handler)
    Timer5A_Handler                          0x00000bd9   Thumb Code  1532  texas.o(i.Timer5A_Handler)
    UART_Init                                0x000011e9   Thumb Code   126  texas.o(i.UART_Init)
    delay                                    0x00001281   Thumb Code    22  tuningfork.o(i.delay)
    initPortA_in                             0x00001299   Thumb Code    74  tuningfork.o(i.initPortA_in)
    initPortA_out                            0x000012ed   Thumb Code    72  tuningfork.o(i.initPortA_out)
    initSysTick                              0x0000133d   Thumb Code    46  tuningfork.o(i.initSysTick)
    main                                     0x00001371   Thumb Code   126  tuningfork.o(i.main)
    __fpl_dcmp_Inf                           0x00001409   Thumb Code    24  dcmpi.o(x$fpl$dcmpinf)
    __aeabi_ui2d                             0x00001421   Thumb Code     0  dflt_clz.o(x$fpl$dfltu)
    _dfltu                                   0x00001421   Thumb Code    38  dflt_clz.o(x$fpl$dfltu)
    __aeabi_cdcmple                          0x00001449   Thumb Code     0  dleqf.o(x$fpl$dleqf)
    _dcmple                                  0x00001449   Thumb Code   120  dleqf.o(x$fpl$dleqf)
    __fpl_dcmple_InfNaN                      0x000014ab   Thumb Code     0  dleqf.o(x$fpl$dleqf)
    __fpl_dnaninf                            0x000014c1   Thumb Code   156  dnaninf.o(x$fpl$dnaninf)
    __aeabi_cdrcmple                         0x0000155d   Thumb Code     0  drleqf.o(x$fpl$drleqf)
    _drcmple                                 0x0000155d   Thumb Code   108  drleqf.o(x$fpl$drleqf)
    __I$use$fp                               0x000015c8   Number         0  usenofp.o(x$fpl$usenofp)
    toggle                                   0x000015c8   Data          24  tuningfork.o(.constdata)
    Port                                     0x000015e0   Data          24  texas.o(.constdata)
    InputPortMsgA                            0x000015f8   Data          40  texas.o(.constdata)
    OutputPortMsgA                           0x00001620   Data          40  texas.o(.constdata)
    InputPortMsgB                            0x00001648   Data          40  texas.o(.constdata)
    OutputPortMsgB                           0x00001670   Data          40  texas.o(.constdata)
    InputPortMsgE                            0x00001698   Data          40  texas.o(.constdata)
    OutputPortMsgE                           0x000016c0   Data          40  texas.o(.constdata)
    BlankMsg                                 0x000016e8   Data          40  texas.o(.constdata)
    InitializedMsg                           0x00001710   Data          40  texas.o(.constdata)
    IntroMsg                                 0x00001738   Data          40  texas.o(.constdata)
    DoneMsg                                  0x00001760   Data          40  texas.o(.constdata)
    TestMsg                                  0x00001788   Data          40  texas.o(.constdata)
    LabTest                                  0x000017b0   Data        6608  texas.o(.constdata)
    BgTest                                   0x00003180   Data         160  texas.o(.constdata)
    Key                                      0x00003220   Data           8  texas.o(.constdata)
    Scramble                                 0x00003228   Data          32  texas.o(.constdata)
    DeScramble                               0x00003248   Data          32  texas.o(.constdata)
    Region$$Table$$Base                      0x00003268   Number         0  anon$$obj.o(Region$$Table)
    Region$$Table$$Limit                     0x00003288   Number         0  anon$$obj.o(Region$$Table)
    output                                   0x20000000   Data           4  tuningfork.o(.data)
    cState                                   0x20000004   Data           4  tuningfork.o(.data)
    InPort                                   0x20000008   Data           4  texas.o(.data)
    OutPort                                  0x2000000c   Data           4  texas.o(.data)
    BgTestStatus                             0x20000010   Data           1  texas.o(.data)
    EdgeNumber                               0x20000014   Data           4  texas.o(.data)
    ShortestPeriod                           0x20000018   Data           4  texas.o(.data)
    LongestPeriod                            0x2000001c   Data           4  texas.o(.data)
    TExaS_Period                             0x20000020   Data           4  texas.o(.data)
    TExaS_Ports                              0x2000002c   Data           8  texas.o(.data)
    TExaS_Meter                              0x20000034   Data           4  texas.o(.data)
    ADCnum                                   0x20000038   Data           4  texas.o(.data)
    LastMode                                 0x2000003c   Data           4  texas.o(.data)
    bFlag                                    0x20000040   Data           4  texas.o(.data)
    Count                                    0x20000044   Data           4  texas.o(.data)
    DelayBetweenTests                        0x20000048   Data           4  texas.o(.data)
    TExaS_Test                               0x2000004c   Data           4  texas.o(.data)
    ScopeMode                                0x20000050   Data           4  texas.o(.data)
    TExaS                                    0x20000058   Data          56  texas.o(.bss)
    TExaS_ADC                                0x20000090   Data         512  texas.o(.bss)
    MagicCode                                0x20000290   Data          10  texas.o(.bss)
    EncriptedMagicCode                       0x2000029a   Data          10  texas.o(.bss)
    StudentID                                0x200002a4   Data          40  texas.o(.bss)
    __libspace_start                         0x200002cc   Data          96  libspace.o(.bss)
    __temporary_stack_top$libspace           0x2000032c   Data           0  libspace.o(.bss)



==============================================================================

Memory Map of the image

  Image Entry point : 0x0000026d

  Load Region LR_1 (Base: 0x00000000, Size: 0x000032dc, Max: 0xffffffff, ABSOLUTE)

    Execution Region ER_RO (Base: 0x00000000, Size: 0x00003288, Max: 0xffffffff, ABSOLUTE)

    Base Addr    Size         Type   Attr      Idx    E Section Name        Object

    0x00000000   0x00000284   Code   RO            3  * RESET               startup.o
    0x00000284   0x00000008   Code   RO          250  * !!!main             c_w.l(__main.o)
    0x0000028c   0x00000034   Code   RO          419    !!!scatter          c_w.l(__scatter.o)
    0x000002c0   0x0000001a   Code   RO          421    !!handler_copy      c_w.l(__scatter_copy.o)
    0x000002da   0x00000002   PAD
    0x000002dc   0x0000001c   Code   RO          423    !!handler_zi        c_w.l(__scatter_zi.o)
    0x000002f8   0x00000002   Code   RO          292    .ARM.Collect$$libinit$$00000000  c_w.l(libinit.o)
    0x000002fa   0x00000000   Code   RO          299    .ARM.Collect$$libinit$$00000002  c_w.l(libinit2.o)
    0x000002fa   0x00000000   Code   RO          302    .ARM.Collect$$libinit$$00000008  c_w.l(libinit2.o)
    0x000002fa   0x00000000   Code   RO          304    .ARM.Collect$$libinit$$0000000A  c_w.l(libinit2.o)
    0x000002fa   0x00000000   Code   RO          306    .ARM.Collect$$libinit$$0000000C  c_w.l(libinit2.o)
    0x000002fa   0x00000000   Code   RO          309    .ARM.Collect$$libinit$$0000000F  c_w.l(libinit2.o)
    0x000002fa   0x00000000   Code   RO          311    .ARM.Collect$$libinit$$00000011  c_w.l(libinit2.o)
    0x000002fa   0x00000000   Code   RO          313    .ARM.Collect$$libinit$$00000013  c_w.l(libinit2.o)
    0x000002fa   0x00000000   Code   RO          315    .ARM.Collect$$libinit$$00000015  c_w.l(libinit2.o)
    0x000002fa   0x00000000   Code   RO          317    .ARM.Collect$$libinit$$00000017  c_w.l(libinit2.o)
    0x000002fa   0x00000000   Code   RO          319    .ARM.Collect$$libinit$$00000019  c_w.l(libinit2.o)
    0x000002fa   0x00000000   Code   RO          321    .ARM.Collect$$libinit$$0000001B  c_w.l(libinit2.o)
    0x000002fa   0x00000000   Code   RO          323    .ARM.Collect$$libinit$$0000001D  c_w.l(libinit2.o)
    0x000002fa   0x00000000   Code   RO          325    .ARM.Collect$$libinit$$0000001F  c_w.l(libinit2.o)
    0x000002fa   0x00000000   Code   RO          327    .ARM.Collect$$libinit$$00000021  c_w.l(libinit2.o)
    0x000002fa   0x00000000   Code   RO          329    .ARM.Collect$$libinit$$00000023  c_w.l(libinit2.o)
    0x000002fa   0x00000000   Code   RO          333    .ARM.Collect$$libinit$$0000002A  c_w.l(libinit2.o)
    0x000002fa   0x00000000   Code   RO          335    .ARM.Collect$$libinit$$0000002C  c_w.l(libinit2.o)
    0x000002fa   0x00000000   Code   RO          337    .ARM.Collect$$libinit$$0000002E  c_w.l(libinit2.o)
    0x000002fa   0x00000000   Code   RO          339    .ARM.Collect$$libinit$$00000030  c_w.l(libinit2.o)
    0x000002fa   0x00000002   Code   RO          340    .ARM.Collect$$libinit$$00000031  c_w.l(libinit2.o)
    0x000002fc   0x00000002   Code   RO          360    .ARM.Collect$$libshutdown$$00000000  c_w.l(libshutdown.o)
    0x000002fe   0x00000000   Code   RO          374    .ARM.Collect$$libshutdown$$00000003  c_w.l(libshutdown2.o)
    0x000002fe   0x00000000   Code   RO          377    .ARM.Collect$$libshutdown$$00000006  c_w.l(libshutdown2.o)
    0x000002fe   0x00000000   Code   RO          380    .ARM.Collect$$libshutdown$$00000009  c_w.l(libshutdown2.o)
    0x000002fe   0x00000000   Code   RO          382    .ARM.Collect$$libshutdown$$0000000B  c_w.l(libshutdown2.o)
    0x000002fe   0x00000000   Code   RO          385    .ARM.Collect$$libshutdown$$0000000E  c_w.l(libshutdown2.o)
    0x000002fe   0x00000002   Code   RO          386    .ARM.Collect$$libshutdown$$0000000F  c_w.l(libshutdown2.o)
    0x00000300   0x00000000   Code   RO          262    .ARM.Collect$$rtentry$$00000000  c_w.l(rtentry.o)
    0x00000300   0x00000000   Code   RO          269    .ARM.Collect$$rtentry$$00000002  c_w.l(rtentry2.o)
    0x00000300   0x00000006   Code   RO          281    .ARM.Collect$$rtentry$$00000004  c_w.l(rtentry4.o)
    0x00000306   0x00000000   Code   RO          271    .ARM.Collect$$rtentry$$00000009  c_w.l(rtentry2.o)
    0x00000306   0x00000004   Code   RO          272    .ARM.Collect$$rtentry$$0000000A  c_w.l(rtentry2.o)
    0x0000030a   0x00000000   Code   RO          274    .ARM.Collect$$rtentry$$0000000C  c_w.l(rtentry2.o)
    0x0000030a   0x00000008   Code   RO          275    .ARM.Collect$$rtentry$$0000000D  c_w.l(rtentry2.o)
    0x00000312   0x00000002   Code   RO          296    .ARM.Collect$$rtexit$$00000000  c_w.l(rtexit.o)
    0x00000314   0x00000000   Code   RO          342    .ARM.Collect$$rtexit$$00000002  c_w.l(rtexit2.o)
    0x00000314   0x00000004   Code   RO          343    .ARM.Collect$$rtexit$$00000003  c_w.l(rtexit2.o)
    0x00000318   0x00000006   Code   RO          344    .ARM.Collect$$rtexit$$00000004  c_w.l(rtexit2.o)
    0x0000031e   0x00000002   PAD
    0x00000320   0x00000030   Code   RO            4    .text               startup.o
    0x00000350   0x00000006   Code   RO          248    .text               c_w.l(heapauxi.o)
    0x00000356   0x0000004a   Code   RO          283    .text               c_w.l(sys_stackheap_outer.o)
    0x000003a0   0x0000000c   Code   RO          285    .text               c_w.l(exit.o)
    0x000003ac   0x00000008   Code   RO          293    .text               c_w.l(libspace.o)
    0x000003b4   0x0000000c   Code   RO          352    .text               c_w.l(sys_exit.o)
    0x000003c0   0x00000002   Code   RO          363    .text               c_w.l(use_no_semi.o)
    0x000003c2   0x00000000   Code   RO          365    .text               c_w.l(indicate_semi.o)
    0x000003c2   0x00000002   PAD
    0x000003c4   0x0000000c   Code   RO           66    i.ADC1_In           texas.o
    0x000003d0   0x000000d0   Code   RO           67    i.ADC1_Init         texas.o
    0x000004a0   0x0000006c   Code   RO           69    i.Encrypt           texas.o
    0x0000050c   0x00000014   Code   RO           70    i.GPIOPortA_Handler  texas.o
    0x00000520   0x00000014   Code   RO           71    i.GPIOPortB_Handler  texas.o
    0x00000534   0x00000014   Code   RO           72    i.GPIOPortE_Handler  texas.o
    0x00000548   0x0000007c   Code   RO           73    i.PLL_Init          texas.o
    0x000005c4   0x00000018   Code   RO           75    i.SetCode           texas.o
    0x000005dc   0x00000018   Code   RO           76    i.SetCourse         texas.o
    0x000005f4   0x000000cc   Code   RO           77    i.SetGrade          texas.o
    0x000006c0   0x0000013c   Code   RO           79    i.SpecialBGTest1_End  texas.o
    0x000007fc   0x00000064   Code   RO           80    i.SpecialBGTest1_Periodic  texas.o
    0x00000860   0x00000158   Code   RO           81    i.SpecialBGTest1_Start  texas.o
    0x000009b8   0x00000038   Code   RO           12    i.SysTick_Handler   tuningfork.o
    0x000009f0   0x000001c8   Code   RO           84    i.TExaS_Init        texas.o
    0x00000bb8   0x00000020   Code   RO           86    i.Timer4A_Handler   texas.o
    0x00000bd8   0x00000610   Code   RO           87    i.Timer5A_Handler   texas.o
    0x000011e8   0x00000098   Code   RO           90    i.UART_Init         texas.o
    0x00001280   0x00000016   Code   RO           13    i.delay             tuningfork.o
    0x00001296   0x00000002   PAD
    0x00001298   0x00000054   Code   RO           14    i.initPortA_in      tuningfork.o
    0x000012ec   0x00000050   Code   RO           15    i.initPortA_out     tuningfork.o
    0x0000133c   0x00000034   Code   RO           16    i.initSysTick       tuningfork.o
    0x00001370   0x00000098   Code   RO           17    i.main              tuningfork.o
    0x00001408   0x00000018   Code   RO          263    x$fpl$dcmpinf       fz_ws.l(dcmpi.o)
    0x00001420   0x00000026   Code   RO          252    x$fpl$dfltu         fz_ws.l(dflt_clz.o)
    0x00001446   0x00000002   PAD
    0x00001448   0x00000078   Code   RO          258    x$fpl$dleqf         fz_ws.l(dleqf.o)
    0x000014c0   0x0000009c   Code   RO          265    x$fpl$dnaninf       fz_ws.l(dnaninf.o)
    0x0000155c   0x0000006c   Code   RO          260    x$fpl$drleqf        fz_ws.l(drleqf.o)
    0x000015c8   0x00000000   Code   RO          267    x$fpl$usenofp       fz_ws.l(usenofp.o)
    0x000015c8   0x00000018   Data   RO           18    .constdata          tuningfork.o
    0x000015e0   0x00001c88   Data   RO           95    .constdata          texas.o
    0x00003268   0x00000020   Data   RO          417    Region$$Table       anon$$obj.o


    Execution Region ER_RW (Base: 0x20000000, Size: 0x00000054, Max: 0xffffffff, ABSOLUTE)

    Base Addr    Size         Type   Attr      Idx    E Section Name        Object

    0x20000000   0x00000008   Data   RW           19    .data               tuningfork.o
    0x20000008   0x0000004c   Data   RW           96    .data               texas.o


    Execution Region ER_ZI (Base: 0x20000054, Size: 0x000006dc, Max: 0xffffffff, ABSOLUTE)

    Base Addr    Size         Type   Attr      Idx    E Section Name        Object

    0x20000054   0x00000004   PAD
    0x20000058   0x00000274   Zero   RW           94    .bss                texas.o
    0x200002cc   0x00000060   Zero   RW          294    .bss                c_w.l(libspace.o)
    0x2000032c   0x00000004   PAD
    0x20000330   0x00000000   Zero   RW            2    HEAP                startup.o
    0x20000330   0x00000400   Zero   RW            1    STACK               startup.o


==============================================================================

Image component sizes


      Code (inc. data)   RO Data    RW Data    ZI Data      Debug   Object Name

       692        632          0          0       1024       1012   startup.o
      3716        550       7304         76        628      23288   texas.o
       446         56         24          8          0       5853   tuningfork.o

    ----------------------------------------------------------------------
      4856       1238       7360         84       1656      30153   Object Totals
         0          0         32          0          0          0   (incl. Generated)
         2          0          0          0          4          0   (incl. Padding)

    ----------------------------------------------------------------------

      Code (inc. data)   RO Data    RW Data    ZI Data      Debug   Library Member Name

         8          0          0          0          0         68   __main.o
        52          8          0          0          0          0   __scatter.o
        26          0          0          0          0          0   __scatter_copy.o
        28          0          0          0          0          0   __scatter_zi.o
        12          0          0          0          0         72   exit.o
         6          0          0          0          0        152   heapauxi.o
         0          0          0          0          0          0   indicate_semi.o
         2          0          0          0          0          0   libinit.o
         2          0          0          0          0          0   libinit2.o
         2          0          0          0          0          0   libshutdown.o
         2          0          0          0          0          0   libshutdown2.o
         8          4          0          0         96         68   libspace.o
         0          0          0          0          0          0   rtentry.o
        12          0          0          0          0          0   rtentry2.o
         6          0          0          0          0          0   rtentry4.o
         2          0          0          0          0          0   rtexit.o
        10          0          0          0          0          0   rtexit2.o
        12          4          0          0          0         68   sys_exit.o
        74          0          0          0          0         80   sys_stackheap_outer.o
         2          0          0          0          0         68   use_no_semi.o
        24          0          0          0          0         68   dcmpi.o
        38          0          0          0          0         68   dflt_clz.o
       120          4          0          0          0         92   dleqf.o
       156          4          0          0          0         92   dnaninf.o
       108          0          0          0          0         80   drleqf.o
         0          0          0          0          0          0   usenofp.o

    ----------------------------------------------------------------------
       720         24          0          0        100        976   Library Totals
         8          0          0          0          4          0   (incl. Padding)

    ----------------------------------------------------------------------

      Code (inc. data)   RO Data    RW Data    ZI Data      Debug   Library Name

       266         16          0          0         96        576   c_w.l
       446          8          0          0          0        400   fz_ws.l

    ----------------------------------------------------------------------
       720         24          0          0        100        976   Library Totals

    ----------------------------------------------------------------------

==============================================================================


      Code (inc. data)   RO Data    RW Data    ZI Data      Debug   

      5576       1262       7360         84       1756      29569   Grand Totals
      5576       1262       7360         84       1756      29569   ELF Image Totals
      5576       1262       7360         84          0          0   ROM Totals

==============================================================================

    Total RO  Size (Code + RO Data)                12936 (  12.63kB)
    Total RW  Size (RW Data + ZI Data)              1840 (   1.80kB)
    Total ROM Size (Code + RO Data + RW Data)      13020 (  12.71kB)

==============================================================================

