<html>
<body>
<pre>
<h1>µVision Build Log</h1>
<h2>Project:</h2>
D:\Github Clones\EmbeddedSystems.Playground\01 - Independent Study\UTAustinX_610\Labware\Lab12_TuningFork\Lab12.uvproj
Project File Date:  03/18/2017

<h2>Output:</h2>
Rebuild target 'Lab12'
assembling startup.s...
compiling TuningFork.c...
TuningFork.c(133): warning:  #177-D: variable "input" was declared but never referenced
    while(1){   unsigned int input = 0;
TuningFork.c: 1 warning, 0 errors
linking...
Program Size: Code=5684 RO-data=7360 RW-data=84 ZI-data=1756  
".\Lab12.axf" - 0 Error(s), 1 Warning(s).
</pre>
</body>
</html>
