<html>
<body>
<pre>
<h1>µVision Build Log</h1>
<h2>Project:</h2>
D:\Github Clones\EmbeddedSystems.Playground\01 - Independent Study\UTAustinX\Labware\Lab6_BranchingFunctionsDelays\Lab6.uvproj
Project File Date:  11/24/2016

<h2>Output:</h2>
Rebuild target 'Lab6'
assembling startup.s...
compiling BranchingFunctionsDelays.c...
BranchingFunctionsDelays.c(64): warning:  #1295-D: Deprecated declaration delay - give arg types
  void delay();
BranchingFunctionsDelays.c(154): warning:  #1-D: last line of file ends without a newline
        }
BranchingFunctionsDelays.c: 2 warnings, 0 errors
linking...
Program Size: Code=3844 RO-data=5996 RW-data=56 ZI-data=1752  
".\Lab6.axf" - 0 Error(s), 2 Warning(s).
</pre>
</body>
</html>
