<html>
<body>
<pre>
<h1>µVision Build Log</h1>
<h2>Project:</h2>
D:\Github Clones\EmbeddedSystems.Playground\01 - Independent Study\UTAustinX\TExaSware\C8_LED\LED.uvproj
Project File Date:  02/06/2017

<h2>Output:</h2>
Rebuild target 'LED'
assembling startup.s...
compiling LED.c...
linking...
Program Size: Code=1112 RO-data=16 RW-data=0 ZI-data=1120  
".\LED.axf" - 0 Error(s), 0 Warning(s).
Load "D:\\Github Clones\\EmbeddedSystems.Playground\\01 - Independent Study\\UTAustinX\\TExaSware\\C8_LED\\LED.axf" 
Connecting: Mode=JTAG, Speed=1000000Hz
Erase Done.
Programming Done.
Verify OK.
</pre>
</body>
</html>
