<html>
<body>
<pre>
<h1>µVision Build Log</h1>
<h2>Project:</h2>
C:\Dropbox\apn176\apntex_176\MySetup\TExaSware\C8_Switch\Switch.uvproj
Project File Date:  02/10/2014

<h2>Output:</h2>
Build target 'Switch'
assembling startup.s...
compiling Switch.c...
compiling SwitchTestMain.c...
linking...
Program Size: Code=1396 RO-data=16 RW-data=0 ZI-data=1120  
".\Switch.axf" - 0 Error(s), 0 Warning(s).
Clean started: Project: 'Switch'
   deleting intermediate output files for target 'Switch'
</pre>
</body>
</html>
