******************************************************************************
                  TI ARM Linker PC v5.2.4                      
******************************************************************************
>> Linked Tue Jul 14 12:04:25 2015

OUTPUT FILE NAME:   <CC3100GetWeather_4C123.out>
ENTRY POINT SYMBOL: "_c_int00"  address: 00005f15


MEMORY CONFIGURATION

         name            origin    length      used     unused   attr    fill
----------------------  --------  ---------  --------  --------  ----  --------
  FLASH                 00000000   00040000  00006700  00039900  R  X
  SRAM                  20000000   00008000  00000be9  00007417  RW X


SEGMENT ALLOCATION MAP

run origin  load origin   length   init length attrs members
----------  ----------- ---------- ----------- ----- -------
00000000    00000000    00006708   00006708    r-x
  00000000    00000000    0000026c   0000026c    r-- .intvecs
  0000026c    0000026c    000060e6   000060e6    r-x .text
  00006354    00006354    00000376   00000376    r-- .const
  000066d0    000066d0    00000038   00000038    r-- .cinit
20000000    20000000    00000bec   00000000    rw-
  20000000    20000000    000007bd   00000000    rw- .bss
  200007c0    200007c0    00000400   00000000    rw- .stack
  20000bc0    20000bc0    0000002c   00000000    rw- .data


SECTION ALLOCATION MAP

 output                                  attributes/
section   page    origin      length       input sections
--------  ----  ----------  ----------   ----------------
.intvecs   0    00000000    0000026c     
                  00000000    0000026c     startup_ccs.obj (.intvecs)

.text      0    0000026c    000060e6     
                  0000026c    00001dc8     driver.obj (.text)
                  00002034    00000da4     socket.obj (.text)
                  00002dd8    00000ad8     netapp.obj (.text)
                  000038b0    00000a5c     wlan.obj (.text)
                  0000430c    00000668     main.obj (.text)
                  00004974    0000051c     device.obj (.text)
                  00004e90    0000049c     uartstdio.obj (.text)
                  0000532c    000001c0     spi.obj (.text)
                  000054ec    00000130     driverlib.lib : gpio.obj (.text:GPIOPadConfigSet)
                  0000561c    00000118                   : sysctl.obj (.text:SysCtlClockGet)
                  00005734    00000114     nonos.obj (.text)
                  00005848    00000100     netcfg.obj (.text)
                  00005948    000000f0     driverlib.lib : sysctl.obj (.text:SysCtlClockSet)
                  00005a38    000000e4     board.obj (.text)
                  00005b1c    000000e0     LED.obj (.text)
                  00005bfc    0000009c     rtsv7M4_T_le_v4SPD16_eabi.lib : memcpy_t2.obj (.text)
                  00005c98    0000007a                                   : memset_t2.obj (.text)
                  00005d12    00000002                                   : i_div0.obj (.text)
                  00005d14    00000070     flowcont.obj (.text)
                  00005d84    0000006c     rtsv7M4_T_le_v4SPD16_eabi.lib : autoinit.obj (.text)
                  00005df0    0000006a                                   : copy_decompress_rle.obj (.text)
                  00005e5a    00000002     --HOLE-- [fill = 0]
                  00005e5c    00000060     driverlib.lib : interrupt.obj (.text:IntEnable)
                  00005ebc    00000056                   : gpio.obj (.text:GPIOIntTypeSet)
                  00005f12    00000002     --HOLE-- [fill = 0]
                  00005f14    00000050     rtsv7M4_T_le_v4SPD16_eabi.lib : boot.obj (.text)
                  00005f64    0000004c                                   : cpy_tbl.obj (.text)
                  00005fb0    00000048     driverlib.lib : gpio.obj (.text:GPIOPinConfigure)
                  00005ff8    00000044     rtsv7M4_T_le_v4SPD16_eabi.lib : exit.obj (.text)
                  0000603c    00000042     driverlib.lib : ssi.obj (.text:SSIConfigSetExpClk)
                  0000607e    00000040                   : uart.obj (.text:UARTConfigSetExpClk)
                  000060be    00000040     rtsv7M4_T_le_v4SPD16_eabi.lib : u_divt2.obj (.text)
                  000060fe    00000002     --HOLE-- [fill = 0]
                  00006100    00000034     driverlib.lib : sysctl.obj (.text:SysCtlPeripheralEnable)
                  00006134    00000034                   : sysctl.obj (.text:SysCtlPeripheralPresent)
                  00006168    0000002a                   : gpio.obj (.text:GPIODirModeSet)
                  00006192    00000002     --HOLE-- [fill = 0]
                  00006194    0000001c                   : uart.obj (.text:UARTDisable)
                  000061b0    00000018                   : gpio.obj (.text:GPIOPinTypeGPIOOutput)
                  000061c8    00000018     rtsv7M4_T_le_v4SPD16_eabi.lib : args_main.obj (.text)
                  000061e0    00000014     driverlib.lib : uart.obj (.text:UARTEnable)
                  000061f4    00000014     rtsv7M4_T_le_v4SPD16_eabi.lib : _lock.obj (.text)
                  00006208    00000014                                   : strcpy.obj (.text)
                  0000621c    00000014                                   : strlen.obj (.text)
                  00006230    00000012     driverlib.lib : gpio.obj (.text:GPIOPinTypeGPIOInput)
                  00006242    00000012                   : gpio.obj (.text:GPIOPinTypeSSI)
                  00006254    00000012                   : gpio.obj (.text:GPIOPinTypeUART)
                  00006266    00000012                   : ssi.obj (.text:SSIDataGetNonBlocking)
                  00006278    00000010                   : fpu.obj (.text:FPUEnable)
                  00006288    00000010                   : fpu.obj (.text:FPULazyStackingEnable)
                  00006298    0000000e                   : gpio.obj (.text:GPIOIntDisable)
                  000062a6    0000000e                   : gpio.obj (.text:GPIOIntStatus)
                  000062b4    0000000e                   : ssi.obj (.text:SSIDataPutNonBlocking)
                  000062c2    0000000e     rtsv7M4_T_le_v4SPD16_eabi.lib : copy_decompress_none.obj (.text:decompress:none)
                  000062d0    0000000c     driverlib.lib : cpu.obj (.text:CPUcpsie)
                  000062dc    0000000c                   : gpio.obj (.text:GPIOIntEnable)
                  000062e8    0000000c     rtsv7M4_T_le_v4SPD16_eabi.lib : copy_zero_init.obj (.text:decompress:ZI)
                  000062f4    0000000c     startup_ccs.obj (.text)
                  00006300    0000000a     driverlib.lib : interrupt.obj (.text:IntMasterEnable)
                  0000630a    0000000a                   : ssi.obj (.text:SSIEnable)
                  00006314    0000000a                   : uart.obj (.text:UARTCharGet)
                  0000631e    0000000a                   : uart.obj (.text:UARTCharPut)
                  00006328    0000000a                   : uart.obj (.text:UARTIntStatus)
                  00006332    00000006                   : gpio.obj (.text:GPIOIntClear)
                  00006338    00000006                   : gpio.obj (.text:GPIOPinWrite)
                  0000633e    00000006                   : sysctl.obj (.text:SysCtlDelay)
                  00006344    00000006     rtsv7M4_T_le_v4SPD16_eabi.lib : copy_decompress_rle.obj (.text:decompress:rle24)
                  0000634a    00000004     driverlib.lib : uart.obj (.text:UARTIntClear)
                  0000634e    00000004     rtsv7M4_T_le_v4SPD16_eabi.lib : pre_init.obj (.text)

.const     0    00006354    00000376     
                  00006354    000000b0     wlan.obj (.const:$P$T0$1)
                  00006404    00000090     driverlib.lib : gpio.obj (.const:g_pui32GPIOBaseAddrs)
                  00006494    00000070                   : interrupt.obj (.const)
                  00006504    0000006c                   : sysctl.obj (.const:g_pui32Xtals)
                  00006570    0000003c     wlan.obj (.const)
                  000065ac    00000038     driver.obj (.const:_SlActionLookupTable)
                  000065e4    00000034     socket.obj (.const)
                  00006618    0000002c     main.obj (.const:$P$T0$1)
                  00006644    00000028     netapp.obj (.const)
                  0000666c    0000001c     uartstdio.obj (.const)
                  00006688    00000014     device.obj (.const)
                  0000669c    00000014     driver.obj (.const)
                  000066b0    00000012     uartstdio.obj (.const:.string)
                  000066c2    00000008     netcfg.obj (.const)

.cinit     0    000066d0    00000038     
                  000066d0    00000012     (.cinit..data.load) [load image, compression = rle]
                  000066e2    00000002     --HOLE-- [fill = 0]
                  000066e4    0000000c     (__TI_handler_table)
                  000066f0    00000008     (.cinit..bss.load) [load image, compression = zero_init]
                  000066f8    00000010     (__TI_cinit_table)

.init_array 
*          0    00000000    00000000     UNINITIALIZED

.bss       0    20000000    000007bd     UNINITIALIZED
                  20000000    00000400     main.obj (.bss:Recvbuff)
                  20000400    00000200     main.obj (.bss:SendBuff)
                  20000600    00000164     driver.obj (.bss:g_StatMem)
                  20000764    00000028     main.obj (.bss:HostName)
                  2000078c    00000028     nonos.obj (.bss:g__SlNonOsCB)
                  200007b4    00000004     (.common:DestinationIP)
                  200007b8    00000004     (.common:SockID)
                  200007bc    00000001     (.common:IntIsMasked)

.TI.noinit 
*          0    20000000    00000000     UNINITIALIZED

.stack     0    200007c0    00000400     UNINITIALIZED
                  200007c0    00000400     --HOLE--

.data      0    20000bc0    0000002c     UNINITIALIZED
                  20000bc0    00000008     driver.obj (.data)
                  20000bc8    00000008     rtsv7M4_T_le_v4SPD16_eabi.lib : _lock.obj (.data)
                  20000bd0    00000008                                   : exit.obj (.data)
                  20000bd8    00000005     uartstdio.obj (.data)
                  20000bdd    00000003     --HOLE--
                  20000be0    00000004     board.obj (.data)
                  20000be4    00000004     main.obj (.data)
                  20000be8    00000004     rtsv7M4_T_le_v4SPD16_eabi.lib : stkdepth_vars.obj (.data)

.TI.persistent 
*          0    20000bc0    00000000     UNINITIALIZED


LINKER GENERATED COPY TABLES

__TI_cinit_table @ 000066f8 records: 2, size/record: 8, table size: 16
	.data: load addr=000066d0, load size=00000012 bytes, run addr=20000bc0, run size=0000002c bytes, compression=rle
	.bss: load addr=000066f0, load size=00000008 bytes, run addr=20000000, run size=000007bd bytes, compression=zero_init


LINKER GENERATED HANDLER TABLE

__TI_handler_table @ 000066e4 records: 3, size/record: 4, table size: 12
	index: 0, handler: __TI_decompress_rle24
	index: 1, handler: __TI_decompress_none
	index: 2, handler: __TI_zero_init


GLOBAL SYMBOLS: SORTED ALPHABETICALLY BY Name 

address   name                                  
-------   ----                                  
00005b65  Board_Input                           
00005ff9  C$$EXIT                               
00005a89  CC3100_InterruptDisable               
00005a7d  CC3100_InterruptEnable                
00005a61  CC3100_disable                        
00005a6f  CC3100_enable                         
000062d1  CPUcpsie                              
000033f5  CopyPingResultsToReport               
00004341  Crash                                 
00005aa5  Delay                                 
200007b4  DestinationIP                         
00006279  FPUEnable                             
00006289  FPULazyStackingEnable                 
00005ac1  GPIOB_intHandler                      
00006169  GPIODirModeSet                        
00006333  GPIOIntClear                          
00006299  GPIOIntDisable                        
000062dd  GPIOIntEnable                         
000062a7  GPIOIntStatus                         
00005ebd  GPIOIntTypeSet                        
000054ed  GPIOPadConfigSet                      
00005fb1  GPIOPinConfigure                      
00006231  GPIOPinTypeGPIOInput                  
000061b1  GPIOPinTypeGPIOOutput                 
00006243  GPIOPinTypeSSI                        
00006255  GPIOPinTypeUART                       
00006339  GPIOPinWrite                          
0000497d  GetStartResponseConvert               
20000764  HostName                              
00005e5d  IntEnable                             
200007bc  IntIsMasked                           
00006301  IntMasterEnable                       
00005b93  LED_BlueToggle                        
00005bb3  LED_GreenOff                          
00005bab  LED_GreenOn                           
00005b9f  LED_GreenToggle                       
00005b1d  LED_Init                              
00005b7f  LED_RedOff                            
00005b77  LED_RedOn                             
00005b87  LED_RedToggle                         
00005a95  MaskIntHdlr                           
20000000  Recvbuff                              
000062f5  ResetISR                              
UNDEFED   SHT$$INIT_ARRAY$$Base                 
UNDEFED   SHT$$INIT_ARRAY$$Limit                
00002cef  SL_FD_CLR                             
00002d11  SL_FD_ISSET                           
00002cd1  SL_FD_SET                             
00002d35  SL_FD_ZERO                            
0000603d  SSIConfigSetExpClk                    
00006267  SSIDataGetNonBlocking                 
000062b5  SSIDataPutNonBlocking                 
0000630b  SSIEnable                             
20000400  SendBuff                              
00004749  SimpleLinkGeneralEventHandler         
00004733  SimpleLinkHttpServerCallback          
00004705  SimpleLinkNetAppEventHandler          
000047d3  SimpleLinkSockEventHandler            
0000469d  SimpleLinkWlanEventHandler            
200007b8  SockID                                
0000561d  SysCtlClockGet                        
00005949  SysCtlClockSet                        
0000633f  SysCtlDelay                           
00006101  SysCtlPeripheralEnable                
00006135  SysCtlPeripheralPresent               
00005aed  UART1_intHandler                      
00006315  UARTCharGet                           
0000631f  UARTCharPut                           
0000607f  UARTConfigSetExpClk                   
00006195  UARTDisable                           
000061e1  UARTEnable                            
0000634b  UARTIntClear                          
00006329  UARTIntStatus                         
00004e91  UARTStdioConfig                       
0000531b  UARTStdioIntHandler                   
0000430d  UART_Init                             
00004fd7  UARTgetc                              
00004f1d  UARTgets                              
000052f7  UARTprintf                            
00004ffd  UARTvprintf                           
00004ed7  UARTwrite                             
00005a9d  UnMaskIntHdlr                         
000065f8  _SlAcceptCmdCtrl                      
000065ac  _SlActionLookupTable                  
00000faf  _SlAsyncEventGenericHandler           
00006694  _SlDeviceGetCmdCtrl                   
00006698  _SlDeviceSetCmdCtrl                   
00001911  _SlDrvBasicCmd                        
00001619  _SlDrvClassifyRxMsg                   
0000040d  _SlDrvCmdOp                           
00000485  _SlDrvCmdSend                         
000004c9  _SlDrvDataReadOp                      
0000069d  _SlDrvDataWriteOp                     
00004e45  _SlDrvDeviceEventHandler              
0000033b  _SlDrvDriverCBDeinit                  
0000026d  _SlDrvDriverCBInit                    
00005d4b  _SlDrvFlowContDeinit                  
00005d15  _SlDrvFlowContInit                    
00000a05  _SlDrvMsgRead                         
00001457  _SlDrvMsgReadCmdCtx                   
00001545  _SlDrvMsgReadSpawnCtx                 
00000843  _SlDrvMsgWrite                        
0000379d  _SlDrvNetAppEventHandler              
00001ddf  _SlDrvObjDeInit                       
00001d63  _SlDrvObjInit                         
00001b65  _SlDrvReleasePoolObj                  
00001759  _SlDrvRxHdrRead                       
000003cf  _SlDrvRxIrqHandler                    
00001711  _SlDrvShiftDWord                      
00001975  _SlDrvWaitForPoolObj                  
00006690  _SlEventMaskGetCmdCtrl                
0000668c  _SlEventMaskSetCmdCtrl                
00001ebd  _SlFindAndSetActiveObj                
00006658  _SlGetHostByNameCtrl                  
00006654  _SlGetHostByServiceCtrl               
0000664c  _SlGetServiceListeCtrl                
00006604  _SlGetSockOptCmdCtrl                  
000065f4  _SlListenCmdCtrl                      
00006664  _SlNetAppGetCmdCtrl                   
00006660  _SlNetAppSendTokenValueCmdCtrl        
0000665c  _SlNetAppSetCmdCtrl                   
00006644  _SlNetAppStartCtrl                    
00006648  _SlNetAppStopCtrl                     
000066c6  _SlNetCfgGetCmdCtrl                   
000066c2  _SlNetCfgSetCmdCtrl                   
000057eb  _SlNonOsMainLoopTask                  
0000574d  _SlNonOsSemGet                        
00005735  _SlNonOsSemSet                        
000057a7  _SlNonOsSpawn                         
00006574  _SlPolicyGetCmdCtrl                   
00006570  _SlPolicySetCmdCtrl                   
0000657c  _SlProfileDelCmdCtrl                  
00006578  _SlProfileGetCmdCtrl                  
000065fc  _SlRecvCmdCtrl                        
000065ec  _SlRecvfomCmdCtrl                     
00006650  _SlRegisterServiceCtrl                
00001dff  _SlRemoveFromList                     
00006584  _SlRxFilterAddtCmdCtrl                
0000658c  _SlRxFilterGetCmdCtrl                 
00006588  _SlRxFilterSetCmdCtrl                 
00006608  _SlSelectCmdCtrl                      
000065f0  _SlSendCmdCtrl                        
00006600  _SlSetSockOptCmdCtrl                  
00006590  _SlSmartConfigStartCmdCtrl            
000065e8  _SlSockCloseCmdCtrl                   
000065e4  _SlSockSocketCmdCtrl                  
00006688  _SlStopCmdCtrl                        
0000659c  _SlWlanCfgGetCmdCtrl                  
00006598  _SlWlanCfgSetCmdCtrl                  
00006580  _SlWlanGetNetworkListCtrl             
00006594  _SlWlanSetModeCmdCtrl                 
20000bc0  __STACK_END                           
00000400  __STACK_SIZE                          
200009c0  __STACK_TOP                           
000066f8  __TI_CINIT_Base                       
00006708  __TI_CINIT_Limit                      
000066e4  __TI_Handler_Table_Base               
000066f0  __TI_Handler_Table_Limit              
00005d85  __TI_auto_init                        
20000bd0  __TI_cleanup_ptr                      
000062c3  __TI_decompress_none                  
00006345  __TI_decompress_rle24                 
20000bd4  __TI_dtors_ptr                        
00000000  __TI_static_base__                    
000062e9  __TI_zero_init                        
00005d13  __aeabi_idiv0                         
00005c99  __aeabi_memclr                        
00005c99  __aeabi_memclr4                       
00005c99  __aeabi_memclr8                       
00005bfd  __aeabi_memcpy                        
00005bfd  __aeabi_memcpy4                       
00005bfd  __aeabi_memcpy8                       
00005c9b  __aeabi_memset                        
00005c9b  __aeabi_memset4                       
00005c9b  __aeabi_memset8                       
000060bf  __aeabi_uidiv                         
000060bf  __aeabi_uidivmod                      
ffffffff  __binit__                             
ffffffff  __c_args__                            
200007c0  __stack                               
000061c9  _args_main                            
00005f15  _c_int00                              
20000bc8  _lock                                 
00006203  _nop                                  
000061fb  _register_lock                        
000061f5  _register_unlock                      
00002035  _sl_BuildAddress                      
00002971  _sl_HandleAsync_Accept                
000025b7  _sl_HandleAsync_Connect               
000031f9  _sl_HandleAsync_DnsGetHostByAddr      
0000333d  _sl_HandleAsync_DnsGetHostByName      
0000312d  _sl_HandleAsync_DnsGetHostByService   
00004abd  _sl_HandleAsync_InitComplete          
00003431  _sl_HandleAsync_PingResponse          
00002d4d  _sl_HandleAsync_Select                
00004b63  _sl_HandleAsync_Stop                  
0000212d  _sl_ParseAddress                      
00002083  _sl_TruncatePayloadByProtocol         
0000634f  _system_pre_init                      
20000bcc  _unlock                               
00005ffd  abort                                 
ffffffff  binit                                 
00005f65  copy_in                               
00006005  exit                                  
000066a4  g_H2NCnysPattern                      
0000669c  g_H2NSyncPattern                      
20000600  g_StatMem                             
20000be4  g_Status                              
2000078c  g__SlNonOsCB                          
20000bc0  g_pCB                                 
00000000  g_pfnVectors                          
00005a39  initClk                               
0000435f  main                                  
20000be8  main_func_sp                          
00005bfd  memcpy                                
00005ca1  memset                                
20000be0  pIrqEventHandler                      
20000bc4  pPingCallBackFunc                     
00005a4d  registerInterruptHandler              
00002791  sl_Accept                             
000021f7  sl_Bind                               
000021d3  sl_Close                              
00002485  sl_Connect                            
00004d49  sl_DevGet                             
00004de3  sl_DevSet                             
00004d19  sl_EventMaskGet                       
00004ce3  sl_EventMaskSet                       
00002acd  sl_GetSockOpt                         
000028f3  sl_Htonl                              
00002933  sl_Htons                              
00002755  sl_Listen                             
00003209  sl_NetAppDnsGetHostByName             
0000300d  sl_NetAppDnsGetHostByService          
00003711  sl_NetAppGet                          
00002e19  sl_NetAppGetServiceList               
00002f93  sl_NetAppMDNSRegisterService          
00002ee3  sl_NetAppMDNSRegisterUnregisterService
00002fcf  sl_NetAppMDNSUnRegisterService        
000034e9  sl_NetAppPingStart                    
000036b1  sl_NetAppSendTokenValue               
0000364b  sl_NetAppSet                          
00002dd9  sl_NetAppStart                        
00002df9  sl_NetAppStop                         
000058ab  sl_NetCfgGet                          
00005849  sl_NetCfgSet                          
000029fd  sl_Recv                               
00002379  sl_RecvFrom                           
00002b5d  sl_Select                             
0000265d  sl_Send                               
00002275  sl_SendTo                             
00002a6d  sl_SetSockOpt                         
00002187  sl_Socket                             
000049d3  sl_Start                              
00004bdb  sl_Stop                               
00004975  sl_Task                               
000038b1  sl_WlanConnect                        
00003ad3  sl_WlanDisconnect                     
00004259  sl_WlanGet                            
00003f45  sl_WlanGetNetworkList                 
00003b45  sl_WlanPolicyGet                      
00003adf  sl_WlanPolicySet                      
00003be5  sl_WlanProfileAdd                     
00003f1b  sl_WlanProfileDel                     
00003e41  sl_WlanProfileGet                     
00003fad  sl_WlanRxFilterAdd                    
00004067  sl_WlanRxFilterGet                    
00004017  sl_WlanRxFilterSet                    
000040f1  sl_WlanRxStatGet                      
000040d9  sl_WlanRxStatStart                    
000040e5  sl_WlanRxStatStop                     
000041e9  sl_WlanSet                            
000041bd  sl_WlanSetMode                        
00004135  sl_WlanSmartConfigStart               
00004123  sl_WlanSmartConfigStop                
0000532d  spi_Close                             
00005339  spi_Open                              
0000545b  spi_Read                              
00005401  spi_Write                             
00005a4b  stopWDT                               
00006209  strcpy                                
0000621d  strlen                                


GLOBAL SYMBOLS: SORTED BY Symbol Address 

address   name                                  
-------   ----                                  
00000000  __TI_static_base__                    
00000000  g_pfnVectors                          
0000026d  _SlDrvDriverCBInit                    
0000033b  _SlDrvDriverCBDeinit                  
000003cf  _SlDrvRxIrqHandler                    
00000400  __STACK_SIZE                          
0000040d  _SlDrvCmdOp                           
00000485  _SlDrvCmdSend                         
000004c9  _SlDrvDataReadOp                      
0000069d  _SlDrvDataWriteOp                     
00000843  _SlDrvMsgWrite                        
00000a05  _SlDrvMsgRead                         
00000faf  _SlAsyncEventGenericHandler           
00001457  _SlDrvMsgReadCmdCtx                   
00001545  _SlDrvMsgReadSpawnCtx                 
00001619  _SlDrvClassifyRxMsg                   
00001711  _SlDrvShiftDWord                      
00001759  _SlDrvRxHdrRead                       
00001911  _SlDrvBasicCmd                        
00001975  _SlDrvWaitForPoolObj                  
00001b65  _SlDrvReleasePoolObj                  
00001d63  _SlDrvObjInit                         
00001ddf  _SlDrvObjDeInit                       
00001dff  _SlRemoveFromList                     
00001ebd  _SlFindAndSetActiveObj                
00002035  _sl_BuildAddress                      
00002083  _sl_TruncatePayloadByProtocol         
0000212d  _sl_ParseAddress                      
00002187  sl_Socket                             
000021d3  sl_Close                              
000021f7  sl_Bind                               
00002275  sl_SendTo                             
00002379  sl_RecvFrom                           
00002485  sl_Connect                            
000025b7  _sl_HandleAsync_Connect               
0000265d  sl_Send                               
00002755  sl_Listen                             
00002791  sl_Accept                             
000028f3  sl_Htonl                              
00002933  sl_Htons                              
00002971  _sl_HandleAsync_Accept                
000029fd  sl_Recv                               
00002a6d  sl_SetSockOpt                         
00002acd  sl_GetSockOpt                         
00002b5d  sl_Select                             
00002cd1  SL_FD_SET                             
00002cef  SL_FD_CLR                             
00002d11  SL_FD_ISSET                           
00002d35  SL_FD_ZERO                            
00002d4d  _sl_HandleAsync_Select                
00002dd9  sl_NetAppStart                        
00002df9  sl_NetAppStop                         
00002e19  sl_NetAppGetServiceList               
00002ee3  sl_NetAppMDNSRegisterUnregisterService
00002f93  sl_NetAppMDNSRegisterService          
00002fcf  sl_NetAppMDNSUnRegisterService        
0000300d  sl_NetAppDnsGetHostByService          
0000312d  _sl_HandleAsync_DnsGetHostByService   
000031f9  _sl_HandleAsync_DnsGetHostByAddr      
00003209  sl_NetAppDnsGetHostByName             
0000333d  _sl_HandleAsync_DnsGetHostByName      
000033f5  CopyPingResultsToReport               
00003431  _sl_HandleAsync_PingResponse          
000034e9  sl_NetAppPingStart                    
0000364b  sl_NetAppSet                          
000036b1  sl_NetAppSendTokenValue               
00003711  sl_NetAppGet                          
0000379d  _SlDrvNetAppEventHandler              
000038b1  sl_WlanConnect                        
00003ad3  sl_WlanDisconnect                     
00003adf  sl_WlanPolicySet                      
00003b45  sl_WlanPolicyGet                      
00003be5  sl_WlanProfileAdd                     
00003e41  sl_WlanProfileGet                     
00003f1b  sl_WlanProfileDel                     
00003f45  sl_WlanGetNetworkList                 
00003fad  sl_WlanRxFilterAdd                    
00004017  sl_WlanRxFilterSet                    
00004067  sl_WlanRxFilterGet                    
000040d9  sl_WlanRxStatStart                    
000040e5  sl_WlanRxStatStop                     
000040f1  sl_WlanRxStatGet                      
00004123  sl_WlanSmartConfigStop                
00004135  sl_WlanSmartConfigStart               
000041bd  sl_WlanSetMode                        
000041e9  sl_WlanSet                            
00004259  sl_WlanGet                            
0000430d  UART_Init                             
00004341  Crash                                 
0000435f  main                                  
0000469d  SimpleLinkWlanEventHandler            
00004705  SimpleLinkNetAppEventHandler          
00004733  SimpleLinkHttpServerCallback          
00004749  SimpleLinkGeneralEventHandler         
000047d3  SimpleLinkSockEventHandler            
00004975  sl_Task                               
0000497d  GetStartResponseConvert               
000049d3  sl_Start                              
00004abd  _sl_HandleAsync_InitComplete          
00004b63  _sl_HandleAsync_Stop                  
00004bdb  sl_Stop                               
00004ce3  sl_EventMaskSet                       
00004d19  sl_EventMaskGet                       
00004d49  sl_DevGet                             
00004de3  sl_DevSet                             
00004e45  _SlDrvDeviceEventHandler              
00004e91  UARTStdioConfig                       
00004ed7  UARTwrite                             
00004f1d  UARTgets                              
00004fd7  UARTgetc                              
00004ffd  UARTvprintf                           
000052f7  UARTprintf                            
0000531b  UARTStdioIntHandler                   
0000532d  spi_Close                             
00005339  spi_Open                              
00005401  spi_Write                             
0000545b  spi_Read                              
000054ed  GPIOPadConfigSet                      
0000561d  SysCtlClockGet                        
00005735  _SlNonOsSemSet                        
0000574d  _SlNonOsSemGet                        
000057a7  _SlNonOsSpawn                         
000057eb  _SlNonOsMainLoopTask                  
00005849  sl_NetCfgSet                          
000058ab  sl_NetCfgGet                          
00005949  SysCtlClockSet                        
00005a39  initClk                               
00005a4b  stopWDT                               
00005a4d  registerInterruptHandler              
00005a61  CC3100_disable                        
00005a6f  CC3100_enable                         
00005a7d  CC3100_InterruptEnable                
00005a89  CC3100_InterruptDisable               
00005a95  MaskIntHdlr                           
00005a9d  UnMaskIntHdlr                         
00005aa5  Delay                                 
00005ac1  GPIOB_intHandler                      
00005aed  UART1_intHandler                      
00005b1d  LED_Init                              
00005b65  Board_Input                           
00005b77  LED_RedOn                             
00005b7f  LED_RedOff                            
00005b87  LED_RedToggle                         
00005b93  LED_BlueToggle                        
00005b9f  LED_GreenToggle                       
00005bab  LED_GreenOn                           
00005bb3  LED_GreenOff                          
00005bfd  __aeabi_memcpy                        
00005bfd  __aeabi_memcpy4                       
00005bfd  __aeabi_memcpy8                       
00005bfd  memcpy                                
00005c99  __aeabi_memclr                        
00005c99  __aeabi_memclr4                       
00005c99  __aeabi_memclr8                       
00005c9b  __aeabi_memset                        
00005c9b  __aeabi_memset4                       
00005c9b  __aeabi_memset8                       
00005ca1  memset                                
00005d13  __aeabi_idiv0                         
00005d15  _SlDrvFlowContInit                    
00005d4b  _SlDrvFlowContDeinit                  
00005d85  __TI_auto_init                        
00005e5d  IntEnable                             
00005ebd  GPIOIntTypeSet                        
00005f15  _c_int00                              
00005f65  copy_in                               
00005fb1  GPIOPinConfigure                      
00005ff9  C$$EXIT                               
00005ffd  abort                                 
00006005  exit                                  
0000603d  SSIConfigSetExpClk                    
0000607f  UARTConfigSetExpClk                   
000060bf  __aeabi_uidiv                         
000060bf  __aeabi_uidivmod                      
00006101  SysCtlPeripheralEnable                
00006135  SysCtlPeripheralPresent               
00006169  GPIODirModeSet                        
00006195  UARTDisable                           
000061b1  GPIOPinTypeGPIOOutput                 
000061c9  _args_main                            
000061e1  UARTEnable                            
000061f5  _register_unlock                      
000061fb  _register_lock                        
00006203  _nop                                  
00006209  strcpy                                
0000621d  strlen                                
00006231  GPIOPinTypeGPIOInput                  
00006243  GPIOPinTypeSSI                        
00006255  GPIOPinTypeUART                       
00006267  SSIDataGetNonBlocking                 
00006279  FPUEnable                             
00006289  FPULazyStackingEnable                 
00006299  GPIOIntDisable                        
000062a7  GPIOIntStatus                         
000062b5  SSIDataPutNonBlocking                 
000062c3  __TI_decompress_none                  
000062d1  CPUcpsie                              
000062dd  GPIOIntEnable                         
000062e9  __TI_zero_init                        
000062f5  ResetISR                              
00006301  IntMasterEnable                       
0000630b  SSIEnable                             
00006315  UARTCharGet                           
0000631f  UARTCharPut                           
00006329  UARTIntStatus                         
00006333  GPIOIntClear                          
00006339  GPIOPinWrite                          
0000633f  SysCtlDelay                           
00006345  __TI_decompress_rle24                 
0000634b  UARTIntClear                          
0000634f  _system_pre_init                      
00006570  _SlPolicySetCmdCtrl                   
00006574  _SlPolicyGetCmdCtrl                   
00006578  _SlProfileGetCmdCtrl                  
0000657c  _SlProfileDelCmdCtrl                  
00006580  _SlWlanGetNetworkListCtrl             
00006584  _SlRxFilterAddtCmdCtrl                
00006588  _SlRxFilterSetCmdCtrl                 
0000658c  _SlRxFilterGetCmdCtrl                 
00006590  _SlSmartConfigStartCmdCtrl            
00006594  _SlWlanSetModeCmdCtrl                 
00006598  _SlWlanCfgSetCmdCtrl                  
0000659c  _SlWlanCfgGetCmdCtrl                  
000065ac  _SlActionLookupTable                  
000065e4  _SlSockSocketCmdCtrl                  
000065e8  _SlSockCloseCmdCtrl                   
000065ec  _SlRecvfomCmdCtrl                     
000065f0  _SlSendCmdCtrl                        
000065f4  _SlListenCmdCtrl                      
000065f8  _SlAcceptCmdCtrl                      
000065fc  _SlRecvCmdCtrl                        
00006600  _SlSetSockOptCmdCtrl                  
00006604  _SlGetSockOptCmdCtrl                  
00006608  _SlSelectCmdCtrl                      
00006644  _SlNetAppStartCtrl                    
00006648  _SlNetAppStopCtrl                     
0000664c  _SlGetServiceListeCtrl                
00006650  _SlRegisterServiceCtrl                
00006654  _SlGetHostByServiceCtrl               
00006658  _SlGetHostByNameCtrl                  
0000665c  _SlNetAppSetCmdCtrl                   
00006660  _SlNetAppSendTokenValueCmdCtrl        
00006664  _SlNetAppGetCmdCtrl                   
00006688  _SlStopCmdCtrl                        
0000668c  _SlEventMaskSetCmdCtrl                
00006690  _SlEventMaskGetCmdCtrl                
00006694  _SlDeviceGetCmdCtrl                   
00006698  _SlDeviceSetCmdCtrl                   
0000669c  g_H2NSyncPattern                      
000066a4  g_H2NCnysPattern                      
000066c2  _SlNetCfgSetCmdCtrl                   
000066c6  _SlNetCfgGetCmdCtrl                   
000066e4  __TI_Handler_Table_Base               
000066f0  __TI_Handler_Table_Limit              
000066f8  __TI_CINIT_Base                       
00006708  __TI_CINIT_Limit                      
20000000  Recvbuff                              
20000400  SendBuff                              
20000600  g_StatMem                             
20000764  HostName                              
2000078c  g__SlNonOsCB                          
200007b4  DestinationIP                         
200007b8  SockID                                
200007bc  IntIsMasked                           
200007c0  __stack                               
200009c0  __STACK_TOP                           
20000bc0  __STACK_END                           
20000bc0  g_pCB                                 
20000bc4  pPingCallBackFunc                     
20000bc8  _lock                                 
20000bcc  _unlock                               
20000bd0  __TI_cleanup_ptr                      
20000bd4  __TI_dtors_ptr                        
20000be0  pIrqEventHandler                      
20000be4  g_Status                              
20000be8  main_func_sp                          
ffffffff  __binit__                             
ffffffff  __c_args__                            
ffffffff  binit                                 
UNDEFED   SHT$$INIT_ARRAY$$Base                 
UNDEFED   SHT$$INIT_ARRAY$$Limit                

[281 symbols]
