<html>
<body>
<pre>
<h1>µVision Build Log</h1>
<h2>Project:</h2>
D:\My Dropbox\EdX\TM4Cware\Lab11_UART\Lab11.uvproj
Project File Date:  01/12/2014

<h2>Output:</h2>
Build target 'Lab11'
assembling startup.s...
compiling UART.c...
compiling TExaS.c...
compiling main.c...
linking...
Program Size: Code=2960 RO-data=696 RW-data=44 ZI-data=1764  
"Lab11.axf" - 0 Error(s), 0 Warning(s).
Load "D:\\My Dropbox\\EdX\\TM4Cware\\Lab11_UART\\Lab11.AXF" 
Connecting: Mode=JTAG, Speed=1000000Hz
Erase Done.
Programming Done.
Verify OK.
