<html>
<body>
<pre>
<h1>µVision Build Log</h1>
<h2>Project:</h2>
Z:\Github\EmbeddedSystems.Playground\UTAustinX\TExaSware\C6_InputOutput_Starter\C6_InputOutput.uvproj
Project File Date:  02/11/2016

<h2>Output:</h2>
Build target 'C6_InputOutput'
compiling main.c...
linking...
Program Size: Code=1164 RO-data=32 RW-data=8 ZI-data=1120  
".\C6_InputOutput.axf" - 0 Error(s), 0 Warning(s).
Load "Z:\\Github\\EmbeddedSystems.Playground\\UTAustinX\\TExaSware\\C6_InputOutput_Starter\\C6_InputOutput.axf" 
Connecting: Mode=JTAG, Speed=1000000Hz
Erase Done.
Programming Done.
Verify OK.
