<html>
<body>
<pre>
<h1>µVision Build Log</h1>
<h2>Project:</h2>
D:\Github Clones\EmbeddedSystems.Playground\01 - Independent Study\UTAustinX\Labware\Lab10_TrafficLight\Lab10.uvproj
Project File Date:  01/21/2017

<h2>Output:</h2>
Rebuild target 'Lab10'
assembling startup.s...
compiling TableTrafficLight.c...
linking...
Program Size: Code=4592 RO-data=14656 RW-data=68 ZI-data=1756  
".\Lab10.axf" - 0 Error(s), 0 Warning(s).
Load "D:\\Github Clones\\EmbeddedSystems.Playground\\01 - Independent Study\\UTAustinX\\Labware\\Lab10_TrafficLight\\Lab10.axf" 
Connecting: Mode=JTAG, Speed=1000000Hz
Erase Done.
Programming Done.
Verify OK.
</pre>
</body>
</html>
mbeddedSystems.Playground\\01 - Independent Study\\UTAustinX\\Labware\\Lab10_TrafficLight\\Lab10.axf" 
Connecting: Mode=JTAG, Speed=1000000Hz
Erase Done.
Programming Done.
Verify OK.
'D:\Github Clones\EmbeddedSystems.Playground\01 - Independent Study\UTAustinX\Labware\Lab10_TrafficLight\Lab10.axf'
\01 - Independent Study\\UTAustinX\\Labware\\Lab10_TrafficLight\\Lab10.axf" 
_____^
*** error 56: cannot open file
Error: Flash Download failed  -  Could not load file 'D:\Github Clones\EmbeddedSystems.Playground\01 - Independent Study\UTAustinX\Labware\Lab10_TrafficLight\Lab10.axf'
cated declaration fN2 - give arg types
  void goP(); void fN1(); void fF1(); void fN2(); void fF2();
TableTrafficLight.c(56): warning:  #1295-D: Deprecated declaration fF2 - give arg types
  void goP(); void fN1(); void fF1(); void fN2(); void fF2();
TableTrafficLight.c: 8 warnings, 0 errors
linking...
Program Size: Code=3880 RO-data=14296 RW-data=68 ZI-data=1756  
".\Lab10.axf" - 0 Error(s), 8 Warning(s).
gram Size: Code=3880 RO-data=14296 RW-data=68 ZI-data=1756  
".\Lab10.axf" - 0 Error(s), 9 Warning(s).
).
.\Lab10.axf: Error: L6218E: Undefined symbol fF2 (referred from tabletrafficlight.o).
.\Lab10.axf: Error: L6218E: Undefined symbol fN1 (referred from tabletrafficlight.o).
.\Lab10.axf: Error: L6218E: Undefined symbol fN2 (referred from tabletrafficlight.o).
.\Lab10.axf: Error: L6218E: Undefined symbol goP (referred from tabletrafficlight.o).
.\Lab10.axf: Error: L6218E: Undefined symbol goS (referred from tabletrafficlight.o).
.\Lab10.axf: Error: L6218E: Undefined symbol goW (referred from tabletrafficlight.o).
.\Lab10.axf: Error: L6218E: Undefined symbol waitS (referred from tabletrafficlight.o).
.\Lab10.axf: Error: L6218E: Undefined symbol waitW (referred from tabletrafficlight.o).
Not enough information to list image symbols.
Finished: 1 information, 0 warning and 9 error messages.
".\Lab10.axf" - 9 Error(s), 9 Warning(s).
Target not created
