<html>
<body>
<pre>
<h1>µVision Build Log</h1>
<h2>Project:</h2>
D:\Github Clones\EmbeddedSystems.Playground\01 - Independent Study\UTAustinX_610\TExaSware\C14_ADCSWTrigger\ADCSWTrigger.uvproj
Project File Date:  03/29/2014

<h2>Output:</h2>
Build target 'ADCSWTrigger'
linking...
Program Size: Code=1528 RO-data=32 RW-data=4 ZI-data=1124  
".\ADCSWTrigger.axf" - 0 Error(s), 0 Warning(s).
Load "D:\\Github Clones\\EmbeddedSystems.Playground\\01 - Independent Study\\UTAustinX_610\\TExaSware\\C14_ADCSWTrigger\\ADCSWTrigger.axf" 
Connecting: Mode=JTAG, Speed=1000000Hz
Erase Done.
Programming Done.
Verify OK.
</pre>
</body>
</html>
ting: Mode=JTAG, Speed=1000000Hz
Erase Done.
Programming Done.
Verify OK.
