<html>
<body>
<pre>
<h1>µVision Build Log</h1>
<h2>Project:</h2>
D:\Github Clones\EmbeddedSystems.Playground\01 - Independent Study\UTAustinX\TExaSware\C6_InputOutput\C6_InputOutput.uvproj
Project File Date:  01/08/2014

<h2>Output:</h2>
Build target 'C6_InputOutput'
assembling startup.s...
compiling main.c...
linking...
Program Size: Code=1168 RO-data=32 RW-data=8 ZI-data=1120  
".\C6_InputOutput.axf" - 0 Error(s), 0 Warning(s).
Load "D:\\Github Clones\\EmbeddedSystems.Playground\\01 - Independent Study\\UTAustinX\\TExaSware\\C6_InputOutput\\C6_InputOutput.axf" 
Connecting: Mode=JTAG, Speed=1000000Hz
Erase Done.
Programming Done.
Verify OK.
</pre>
</body>
</html>
