<html>
<body>
<pre>
<h1>µVision Build Log</h1>
<h2>Project:</h2>
D:\Github Clones\EmbeddedSystems.Playground\01 - Independent Study\UTAustinX_610\Labware\Lab13_DAC\Lab13.uvproj
Project File Date:  04/26/2017

<h2>Output:</h2>
Build target 'Lab13'
linking...
Program Size: Code=6184 RO-data=9640 RW-data=80 ZI-data=1816  
".\Lab13.axf" - 0 Error(s), 0 Warning(s).
Load "D:\\Github Clones\\EmbeddedSystems.Playground\\01 - Independent Study\\UTAustinX_610\\Labware\\Lab13_DAC\\Lab13.axf" 
Connecting: Mode=JTAG, Speed=1000000Hz
Erase Done.
Programming Done.
Verify OK.
</pre>
</body>
</html>
signed long delay;
Piano.c: 1 warning, 0 errors
linking...
Program Size: Code=6184 RO-data=9640 RW-data=80 ZI-data=1816  
".\Lab13.axf" - 0 Error(s), 2 Warning(s).
