<html>
<body>
<pre>
<h1>µVision Build Log</h1>
<h2>Project:</h2>
D:\Github Clones\EmbeddedSystems.Playground\01 - Independent Study\UTAustinX_610\Labware\Lab13_DAC\Lab13.uvproj
Project File Date:  04/26/2017

<h2>Output:</h2>
Rebuild target 'Lab13'
assembling startup.s...
compiling Lab13.c...
compiling Sound.c...
compiling DAC.c...
DAC.c(22): warning:  #550-D: variable "delay" was set but never used
  void DAC_Init(void){unsigned int delay;
DAC.c: 1 warning, 0 errors
compiling Piano.c...
Piano.c(25): warning:  #550-D: variable "delay" was set but never used
  void Piano_Init(void){  unsigned long delay;
Piano.c: 1 warning, 0 errors
linking...
Program Size: Code=6176 RO-data=9640 RW-data=80 ZI-data=1816  
".\Lab13.axf" - 0 Error(s), 2 Warning(s).
</pre>
</body>
</html>
22): warning:  #550-D: variable "delay" was set but never used
  void DAC_Init(void){unsigned int delay;
DAC.c: 1 warning, 0 errors
"DAC.c" - 0 Error(s), 1 Warning(s).
b13.axf'. Debugger aborted !
b13.axf" 
Connecting: Mode=JTAG, Speed=1000000Hz
Erase Done.
Programming Done.
Verify OK.

Lab13.c: 2 warnings, 3 errors
".\Lab13.axf" - 3 Error(s), 2 Warning(s).
Target not created
c...
DAC.c(21): warning:  #550-D: variable "delay" was set but never used
  void DAC_Init(void){unsigned int delay;
DAC.c: 1 warning, 0 errors
compiling Piano.c...
Piano.c(24): warning:  #550-D: variable "delay" was set but never used
  void Piano_Init(void){  unsigned long delay;
Piano.c: 1 warning, 0 errors
".\Lab13.axf" - 3 Error(s), 4 Warning(s).
Target not created
