<html>
<body>
<pre>
<h1>µVision Build Log</h1>
<h2>Project:</h2>
Z:\Github\EmbeddedSystems.Playground\UTAustinX\Labware\Lab6_BranchingFunctionsDelays\Lab6.uvproj
Project File Date:  02/14/2016

<h2>Output:</h2>
Build target 'Lab6'
compiling BranchingFunctionsDelays.c...
BranchingFunctionsDelays.c(39): warning:  #1295-D: Deprecated declaration PortF_Init - give arg types
  void PortF_Init();                                                                    //Init portF prototype
BranchingFunctionsDelays.c: 1 warning, 0 errors
linking...
Program Size: Code=2976 RO-data=5996 RW-data=56 ZI-data=1752  
".\Lab6.axf" - 0 Error(s), 1 Warning(s).
Load "Z:\\Github\\EmbeddedSystems.Playground\\UTAustinX\\Labware\\Lab6_BranchingFunctionsDelays\\Lab6.axf" 
Connecting: Mode=JTAG, Speed=1000000Hz
Erase Done.
Programming Done.
Verify OK.
</pre>
</body>
</html>
