<html>
<body>
<pre>
<h1>µVision Build Log</h1>
<h2>Project:</h2>
D:\Github Clones\EmbeddedSystems.Playground\01 - Independent Study\UTAustinX\TExaSware\C10_StepperRobot\StepperRobot.uvproj
Project File Date:  02/10/2014

<h2>Output:</h2>
Rebuild target 'StepperRobot'
assembling startup.s...
compiling SysTick.c...
compiling PLL.c...
compiling StepperRobot.c...
linking...
Program Size: Code=1484 RO-data=112 RW-data=4 ZI-data=1124  
".\StepperRobot.axf" - 0 Error(s), 0 Warning(s).
Load "D:\\Github Clones\\EmbeddedSystems.Playground\\01 - Independent Study\\UTAustinX\\TExaSware\\C10_StepperRobot\\StepperRobot.axf" 
Connecting: Mode=JTAG, Speed=1000000Hz
Erase Done.
Programming Done.
Verify OK.
</pre>
</body>
</html>
