<html>
<body>
<pre>
<h1>µVision Build Log</h1>
<h2>Project:</h2>
Z:\Github\EmbeddedSystems.Playground\UTAustinX\TExaSware\C5_Keil_Starter\Intro.uvproj
Project File Date:  02/10/2016

<h2>Output:</h2>
Rebuild target 'Intro'
assembling startup.s...
compiling UART.c...
compiling main.c...
main.c(17): warning:  #1295-D: Deprecated declaration init_global - give arg types
  void init_global();
main.c: 1 warning, 0 errors
linking...
Program Size: Code=3484 RO-data=96 RW-data=16 ZI-data=1024  
".\intro.axf" - 0 Error(s), 1 Warning(s).
