<html>
<body>
<pre>
<h1>µVision Build Log</h1>
<h2>Project:</h2>
D:\Github Clones\EmbeddedSystems.Playground\01 - Independent Study\UTAustinX_610\TExaSware\C12_EdgeInterrupt\EdgeInterrupt.uvproj
Project File Date:  02/23/2017

<h2>Output:</h2>
Rebuild target 'EdgeInterrupt'
assembling startup.s...
compiling EdgeInterrupt.c...
linking...
Program Size: Code=1244 RO-data=32 RW-data=4 ZI-data=1124  
".\EdgeInterrupt.axf" - 0 Error(s), 0 Warning(s).
Load "D:\\Github Clones\\EmbeddedSystems.Playground\\01 - Independent Study\\UTAustinX_610\\TExaSware\\C12_EdgeInterrupt\\EdgeInterrupt.axf" 
Connecting: Mode=JTAG, Speed=1000000Hz
Erase Done.
Programming Done.
Verify OK.
Load "D:\\Github Clones\\EmbeddedSystems.Playground\\01 - Independent Study\\UTAustinX_610\\TExaSware\\C12_EdgeInterrupt\\EdgeInterrupt.axf" 
Connecting: Mode=JTAG, Speed=1000000Hz
Erase Done.
Programming Done.
Verify OK.
</pre>
</body>
</html>
