<html>
<body>
<pre>
<h1>µVision Build Log</h1>
<h2>Project:</h2>
D:\My Dropbox\apn176\apntex_176\MySetup\TExaSware\Lab2_HelloLaunchPad\Lab2.uvproj
Project File Date:  01/15/2014

<h2>Output:</h2>
Build target 'HelloLaunchPad'
compiling main.c...
assembling startup.s...
linking...
Program Size: Code=2732 RO-data=2064 RW-data=52 ZI-data=1756  
"HelloLaunchPad.axf" - 0 Error(s), 0 Warning(s).
Build target 'HelloLaunchPad'
linking...
Program Size: Code=2732 RO-data=2064 RW-data=52 ZI-data=1756  
"HelloLaunchPad.axf" - 0 Error(s), 0 Warning(s).
Load "D:\\My Dropbox\\apn176\\apntex_176\\MySetup\\TExaSware\\Lab2_HelloLaunchPad\\HelloLaunchPad.axf" 
Connecting: Mode=JTAG, Speed=1000000Hz
Erase Done.
Programming Done.
Verify OK.
Clean started: Project: 'Lab2'
   deleting intermediate output files for target 'HelloLaunchPad'
